Archive member included to satisfy reference by file (symbol)

/home/josh/homebrew/sf2dlib-master/PhysicsSandbox/../libsf2d/lib/libsf2d.a(sf2d.o)
                              main.o (sf2d_init)
/home/josh/homebrew/sf2dlib-master/PhysicsSandbox/../libsf2d/lib/libsf2d.a(sf2d_draw.o)
                              main.o (sf2d_draw_rectangle)
/home/josh/homebrew/sf2dlib-master/PhysicsSandbox/../libsf2d/lib/libsf2d.a(sf2d_private.o)
                              /home/josh/homebrew/sf2dlib-master/PhysicsSandbox/../libsf2d/lib/libsf2d.a(sf2d.o) (GPU_SetDummyTexEnv)
/home/josh/homebrew/sf2dlib-master/PhysicsSandbox/../libsf2d/lib/libsf2d.a(sf2d_texture.o)
                              /home/josh/homebrew/sf2dlib-master/PhysicsSandbox/../libsf2d/lib/libsf2d.a(sf2d.o) (sf2d_texture_tile32)
/home/josh/homebrew/sf2dlib-master/PhysicsSandbox/../libsf2d/lib/libsf2d.a(shader.vsh.o)
                              /home/josh/homebrew/sf2dlib-master/PhysicsSandbox/../libsf2d/lib/libsf2d.a(sf2d.o) (shader_vsh_shbin_size)
/opt/devkitpro/libctru/lib/libctru.a(linear.o)
                              /home/josh/homebrew/sf2dlib-master/PhysicsSandbox/../libsf2d/lib/libsf2d.a(sf2d_texture.o) (linearMemAlign)
/opt/devkitpro/libctru/lib/libctru.a(mem_pool.o)
                              /opt/devkitpro/libctru/lib/libctru.a(linear.o) (MemPool::Allocate(MemChunk&, unsigned long, int))
/opt/devkitpro/libctru/lib/libctru.a(vram.o)
                              /home/josh/homebrew/sf2dlib-master/PhysicsSandbox/../libsf2d/lib/libsf2d.a(sf2d.o) (vramMemAlign)
/opt/devkitpro/libctru/lib/libctru.a(console.o)
                              main.o (consoleInit)
/opt/devkitpro/libctru/lib/libctru.a(gfx.o)
                              /home/josh/homebrew/sf2dlib-master/PhysicsSandbox/../libsf2d/lib/libsf2d.a(sf2d.o) (gfxSet3D)
/opt/devkitpro/libctru/lib/libctru.a(os.o)
                              /home/josh/homebrew/sf2dlib-master/PhysicsSandbox/../libsf2d/lib/libsf2d.a(sf2d.o) (osConvertVirtToPhys)
/opt/devkitpro/libctru/lib/libctru.a(gpu-old.o)
                              /home/josh/homebrew/sf2dlib-master/PhysicsSandbox/../libsf2d/lib/libsf2d.a(sf2d.o) (GPU_Init)
/opt/devkitpro/libctru/lib/libctru.a(gpu.o)
                              /opt/devkitpro/libctru/lib/libctru.a(gpu-old.o) (GPUCMD_SetBuffer)
/opt/devkitpro/libctru/lib/libctru.a(gx.o)
                              /opt/devkitpro/libctru/lib/libctru.a(gfx.o) (gxCmdBuf)
/opt/devkitpro/libctru/lib/libctru.a(shaderProgram.o)
                              /home/josh/homebrew/sf2dlib-master/PhysicsSandbox/../libsf2d/lib/libsf2d.a(sf2d.o) (shaderInstanceGetUniformLocation)
/opt/devkitpro/libctru/lib/libctru.a(shbin.o)
                              /home/josh/homebrew/sf2dlib-master/PhysicsSandbox/../libsf2d/lib/libsf2d.a(sf2d.o) (DVLB_Free)
/opt/devkitpro/libctru/lib/libctru.a(apt.o)
                              /home/josh/homebrew/sf2dlib-master/PhysicsSandbox/../libsf2d/lib/libsf2d.a(sf2d.o) (aptHook)
/opt/devkitpro/libctru/lib/libctru.a(gspgpu.o)
                              /opt/devkitpro/libctru/lib/libctru.a(gfx.o) (gspInit)
/opt/devkitpro/libctru/lib/libctru.a(hid.o)
                              main.o (hidScanInput)
/opt/devkitpro/libctru/lib/libctru.a(irrst.o)
                              /opt/devkitpro/libctru/lib/libctru.a(hid.o) (irrstScanInput)
/opt/devkitpro/libctru/lib/libctru.a(ptmsysm.o)
                              /opt/devkitpro/libctru/lib/libctru.a(os.o) (ptmSysmInit)
/opt/devkitpro/libctru/lib/libctru.a(rbtree_find.o)
                              /opt/devkitpro/libctru/lib/libctru.a(linear.o) (rbtree_find)
/opt/devkitpro/libctru/lib/libctru.a(rbtree_init.o)
                              /opt/devkitpro/libctru/lib/libctru.a(linear.o) (rbtree_init)
/opt/devkitpro/libctru/lib/libctru.a(rbtree_insert.o)
                              /opt/devkitpro/libctru/lib/libctru.a(linear.o) (rbtree_insert)
/opt/devkitpro/libctru/lib/libctru.a(rbtree_remove.o)
                              /opt/devkitpro/libctru/lib/libctru.a(linear.o) (rbtree_remove)
/opt/devkitpro/libctru/lib/libctru.a(rbtree_rotate.o)
                              /opt/devkitpro/libctru/lib/libctru.a(rbtree_insert.o) (rbtree_rotate)
/opt/devkitpro/libctru/lib/libctru.a(allocateHeaps.o)
                              /opt/devkitpro/libctru/lib/libctru.a(linear.o) (__ctru_linear_heap_size)
/opt/devkitpro/libctru/lib/libctru.a(initArgv.o)
                              /opt/devkitpro/devkitARM/lib/gcc/arm-none-eabi/5.3.0/../../../../arm-none-eabi/lib/armv6k/fpu/3dsx_crt0.o (__system_argc)
/opt/devkitpro/libctru/lib/libctru.a(initSystem.o)
                              /opt/devkitpro/libctru/lib/libctru.a(apt.o) (__system_retAddr)
/opt/devkitpro/libctru/lib/libctru.a(syscalls.o)
                              /opt/devkitpro/libctru/lib/libctru.a(initSystem.o) (__system_initSyscalls)
/opt/devkitpro/libctru/lib/libctru.a(svc.o)
[...]
Memory Configuration

Name             Origin             Length             Attributes
*default*        0x0000000000000000 0xffffffffffffffff

Linker script and memory map

                0x0000000000100000                . = 0x100000
                0x0000000000100000                __start__ = .

.text           0x0000000000100000    0x28850
 *(.crt0)
 .crt0          0x0000000000100000       0x94 /opt/devkitpro/devkitARM/lib/gcc/arm-none-eabi/5.3.0/../../../../arm-none-eabi/lib/armv6k/fpu/3dsx_crt0.o
                0x0000000000100000                _start
                0x0000000000100008                __service_ptr
                0x000000000010000c                __apt_appid
                0x0000000000100010                __heap_size
                0x0000000000100014                __linear_heap_size
                0x0000000000100018                __system_arglist
                0x000000000010001c                __system_runflags
 *(.init)
 .init          0x0000000000100094        0xc /opt/devkitpro/devkitARM/lib/gcc/arm-none-eabi/5.3.0/armv6k/fpu/crti.o
                0x0000000000100094                _init
 .init          0x00000000001000a0        0xc /opt/devkitpro/devkitARM/lib/gcc/arm-none-eabi/5.3.0/armv6k/fpu/crtn.o
                0x00000000001000ac                . = ALIGN (0x4)
 *(.text)
 .text          0x00000000001000ac      0x108 /opt/devkitpro/devkitARM/lib/gcc/arm-none-eabi/5.3.0/armv6k/fpu/crtbegin.o
 .text          0x00000000001001b4      0x964 /home/josh/homebrew/sf2dlib-master/PhysicsSandbox/../libsf2d/lib/libsf2d.a(sf2d.o)
                0x00000000001003c8                sf2d_init
                0x00000000001003f0                sf2d_init_advanced
                0x0000000000100410                sf2d_fini
                0x000000000010047c                sf2d_set_3D
                0x0000000000100488                sf2d_start_frame
                0x000000000010061c                sf2d_start_frame_target
                0x00000000001007dc                sf2d_end_frame
                0x00000000001008f0                sf2d_swapbuffers
                0x00000000001009a0                sf2d_set_vblank_wait
                0x00000000001009b0                sf2d_get_fps
                0x00000000001009c0                sf2d_pool_malloc
                0x00000000001009ec                sf2d_pool_memalign
                0x0000000000100a2c                sf2d_pool_calloc
                0x0000000000100a6c                sf2d_pool_space_free
                0x0000000000100a84                sf2d_pool_reset
                0x0000000000100a98                sf2d_set_clear_color
                0x0000000000100aac                sf2d_set_scissor_test
                0x0000000000100af8                sf2d_get_current_screen
                0x0000000000100b08                sf2d_get_current_side
 .text          0x0000000000100b18      0x7f0 /home/josh/homebrew/sf2dlib-master/PhysicsSandbox/../libsf2d/lib/libsf2d.a(sf2d_draw.o)
                0x0000000000100b18                sf2d_setup_env_internal
                0x0000000000100bbc                sf2d_draw_line
                0x0000000000100ce4                sf2d_draw_rectangle_internal
                0x0000000000100d00                sf2d_draw_triangle_internal
                0x0000000000100d1c                sf2d_draw_rectangle
                0x0000000000100dd8                sf2d_draw_triangle
                0x0000000000100e68                sf2d_draw_rectangle_rotate
                0x0000000000100fc4                sf2d_draw_rectangle_gradient
                0x000000000010109c                sf2d_draw_rectangle_gradient_rotate
                0x0000000000101214                sf2d_draw_fill_circle
 .text          0x0000000000101308      0x4b4 /home/josh/homebrew/sf2dlib-master/PhysicsSandbox/../libsf2d/lib/libsf2d.a(sf2d_private.o)
                0x0000000000101308                GPU_SetDummyTexEnv
                0x000000000010133c                vector_mult_matrix4x4
                0x00000000001013c0                matrix_gpu_set_uniform
                0x00000000001013d0                matrix_copy
                0x000000000010140c                matrix_identity4x4
                0x0000000000101458                matrix_mult4x4
                0x00000000001014c8                matrix_set_z_rotation
                0x000000000010153c                matrix_rotate_z
                0x000000000010159c                matrix_set_scaling
                0x00000000001015e8                matrix_swap_xy
                0x0000000000101688                matrix_init_orthographic
                0x000000000010179c                next_pow2
 .text          0x00000000001017bc     0x2754 /home/josh/homebrew/sf2dlib-master/PhysicsSandbox/../libsf2d/lib/libsf2d.a(sf2d_texture.o)
                0x0000000000101958                sf2d_create_texture
                0x0000000000101b4c                sf2d_create_rendertarget
                0x0000000000101be8                sf2d_free_texture
                0x0000000000101c38                sf2d_free_target
                0x0000000000101c3c                sf2d_clear_target
                0x0000000000101cd4                sf2d_texture_tile32_hardware
                0x0000000000101ce4                sf2d_fill_texture_from_RGBA8
                0x0000000000101d90                sf2d_create_texture_mem_RGBA8
                0x0000000000101dd4                sf2d_bind_texture
                0x0000000000101e48                sf2d_bind_texture_color
                0x0000000000101ec0                sf2d_bind_texture_parameters
                0x0000000000101f38                sf2d_texture_set_params
                0x0000000000101f40                sf2d_texture_get_params
                0x0000000000101f48                sf2d_draw_texture
                0x000000000010208c                sf2d_draw_texture_blend
                0x00000000001021d4                sf2d_draw_texture_rotate_hotspot
                0x0000000000102388                sf2d_draw_texture_rotate_hotspot_blend
                0x0000000000102540                sf2d_draw_texture_rotate
                0x0000000000102708                sf2d_draw_texture_rotate_blend
                0x00000000001028d4                sf2d_draw_texture_rotate_scale_hotspot
                0x0000000000102aa0                sf2d_draw_texture_rotate_scale_hotspot_blend
                0x0000000000102c70                sf2d_draw_texture_part
                0x0000000000102df0                sf2d_draw_texture_part_blend
                0x0000000000102f74                sf2d_draw_texture_scale
                0x00000000001030e0                sf2d_draw_texture_scale_blend
                0x0000000000103250                sf2d_draw_texture_part_scale
                0x00000000001033a8                sf2d_draw_texture_part_scale_blend
                0x0000000000103504                sf2d_draw_texture_part_rotate_scale
                0x0000000000103728                sf2d_draw_texture_part_rotate_scale_blend
                0x0000000000103950                sf2d_draw_texture_depth
                0x0000000000103ab0                sf2d_draw_texture_depth_blend
                0x0000000000103c14                sf2d_draw_quad_uv_current
                0x0000000000103d28                sf2d_draw_quad_uv
                0x0000000000103d88                sf2d_draw_quad_uv_blend
                0x0000000000103de8                sf2d_set_pixel
                0x0000000000103e74                sf2d_get_pixel
                0x0000000000103f00                sf2d_texture_tile32
 .text          0x0000000000103f10       0x64 /opt/devkitpro/libctru/lib/libctru.a(stack_adjust.o)
                0x0000000000103f10                initSystem
                0x0000000000103f54                __ctru_exit
 .text          0x0000000000103f74      0x240 /opt/devkitpro/devkitARM/lib/gcc/arm-none-eabi/5.3.0/armv6k/fpu/libgcc.a(_divsi3.o)
                0x0000000000103f74                __aeabi_idiv
                0x0000000000103f74                __divsi3
                0x0000000000104194                __aeabi_idivmod
 .text          0x00000000001041b4        0x4 /opt/devkitpro/devkitARM/lib/gcc/arm-none-eabi/5.3.0/armv6k/fpu/libgcc.a(_dvmd_tls.o)
                0x00000000001041b4                __aeabi_ldiv0
                0x00000000001041b4                __aeabi_idiv0
 .text          0x00000000001041b8      0x250 /opt/devkitpro/devkitARM/lib/gcc/arm-none-eabi/5.3.0/armv6k/fpu/libgcc.a(_arm_addsubsf3.o)
                0x00000000001041b8                __aeabi_frsub
                0x00000000001041c0                __subsf3
                0x00000000001041c0                __aeabi_fsub
                0x00000000001041c4                __aeabi_fadd
                0x00000000001041c4                __addsf3
                0x0000000000104354                __aeabi_ui2f
                0x0000000000104354                __floatunsisf
                0x000000000010435c                __aeabi_i2f
                0x000000000010435c                __floatsisf
                0x000000000010437c                __floatundisf
                0x000000000010437c                __aeabi_ul2f
                0x000000000010438c                __floatdisf
                0x000000000010438c                __aeabi_l2f
 *fill*         0x0000000000104408       0x18 
 .text          0x0000000000104420      0x3a0 /opt/devkitpro/devkitARM/lib/gcc/arm-none-eabi/5.3.0/../../../../arm-none-eabi/lib/armv6k/fpu/libg.a(lib_a-strcmp.o)
                0x0000000000104428                strcmp
 .text          0x00000000001047c0      0x1c4 /opt/devkitpro/devkitARM/lib/gcc/arm-none-eabi/5.3.0/../../../../arm-none-eabi/lib/armv6k/fpu/libsysbase.a(iosupport.o)
                0x00000000001047c8                setDefaultDevice
                0x00000000001047e0                FindDevice
                0x000000000010489c                RemoveDevice
                0x00000000001048c8                AddDevice
                0x0000000000104960                GetDeviceOpTab
 .text          0x0000000000104984       0x7c /opt/devkitpro/devkitARM/lib/gcc/arm-none-eabi/5.3.0/../../../../arm-none-eabi/lib/armv6k/fpu/libsysbase.a(close.o)
                0x0000000000104984                _close_r
 .text          0x0000000000104a00       0x6c /opt/devkitpro/devkitARM/lib/gcc/arm-none-eabi/5.3.0/../../../../arm-none-eabi/lib/armv6k/fpu/libsysbase.a(fstat.o)
                0x0000000000104a00                _fstat_r
 .text          0x0000000000104a6c       0x2c /opt/devkitpro/devkitARM/lib/gcc/arm-none-eabi/5.3.0/../../../../arm-none-eabi/lib/armv6k/fpu/libsysbase.a(gettod.o)
                0x0000000000104a6c                _gettimeofday_r
 .text          0x0000000000104a98        0x8 /opt/devkitpro/devkitARM/lib/gcc/arm-none-eabi/5.3.0/../../../../arm-none-eabi/lib/armv6k/fpu/libsysbase.a(isatty.o)
                0x0000000000104a98                _isatty_r
 .text          0x0000000000104aa0       0x78 /opt/devkitpro/devkitARM/lib/gcc/arm-none-eabi/5.3.0/../../../../arm-none-eabi/lib/armv6k/fpu/libsysbase.a(lseek.o)
                0x0000000000104aa0                _lseek_r
 .text          0x0000000000104b18       0x78 /opt/devkitpro/devkitARM/lib/gcc/arm-none-eabi/5.3.0/../../../../arm-none-eabi/lib/armv6k/fpu/libsysbase.a(read.o)
                0x0000000000104b18                _read_r
 .text          0x0000000000104b90       0x70 /opt/devkitpro/devkitARM/lib/gcc/arm-none-eabi/5.3.0/../../../../arm-none-eabi/lib/armv6k/fpu/libsysbase.a(sbrk.o)
                0x0000000000104b90                _sbrk_r
 .text          0x0000000000104c00       0x78 /opt/devkitpro/devkitARM/lib/gcc/arm-none-eabi/5.3.0/../../../../arm-none-eabi/lib/armv6k/fpu/libsysbase.a(write.o)
                0x0000000000104c00                _write_r
 .text          0x0000000000104c78      0x3b0 /opt/devkitpro/devkitARM/lib/gcc/arm-none-eabi/5.3.0/../../../../arm-none-eabi/lib/armv6k/fpu/libsysbase.a(chdir.o)
                0x0000000000104c78                _concatenate_path
                0x0000000000104e34                chdir
                0x0000000000104f88                getcwd
 .text          0x0000000000105028       0x10 /opt/devkitpro/devkitARM/lib/gcc/arm-none-eabi/5.3.0/../../../../arm-none-eabi/lib/armv6k/fpu/libsysbase.a(flock.o)
                0x0000000000105028                __flockfile
                0x0000000000105030                __funlockfile
 .text          0x0000000000105038      0x108 /opt/devkitpro/devkitARM/lib/gcc/arm-none-eabi/5.3.0/../../../../arm-none-eabi/lib/armv6k/fpu/libsysbase.a(syscall_support.o)
                0x0000000000105038                __libc_lock_init
                0x0000000000105050                __libc_lock_acquire
                0x0000000000105068                __libc_lock_try_acquire
                0x000000000010508c                __libc_lock_release
                0x00000000001050a4                __libc_lock_close
                0x00000000001050bc                __libc_lock_init_recursive
                0x00000000001050d4                __libc_lock_acquire_recursive
                0x00000000001050ec                __libc_lock_try_acquire_recursive
                0x0000000000105110                __libc_lock_release_recursive
                0x0000000000105128                __libc_lock_close_recursive
 .text          0x0000000000105140      0x2c4 /opt/devkitpro/devkitARM/lib/gcc/arm-none-eabi/5.3.0/../../../../arm-none-eabi/lib/armv6k/fpu/libsysbase.a(handle_manager.o)
                0x0000000000105140                __free_handle
                0x0000000000105184                __release_handle
                0x00000000001051c0                __alloc_handle
                0x0000000000105238                __get_handle
                0x0000000000105254                dup
                0x00000000001052f8                dup2
 .text          0x0000000000105404       0x28 /opt/devkitpro/devkitARM/lib/gcc/arm-none-eabi/5.3.0/../../../../arm-none-eabi/lib/armv6k/fpu/libsysbase.a(getreent.o)
                0x0000000000105404                __getreent
 .text          0x000000000010542c      0x20c /opt/devkitpro/devkitARM/lib/gcc/arm-none-eabi/5.3.0/armv6k/fpu/libgcc.a(_udivsi3.o)
                0x000000000010542c                __udivsi3
                0x000000000010542c                __aeabi_uidiv
                0x0000000000105618                __aeabi_uidivmod
 .text          0x0000000000105638       0x3c /opt/devkitpro/devkitARM/lib/gcc/arm-none-eabi/5.3.0/armv6k/fpu/libgcc.a(_aeabi_uldivmod.o)
                0x0000000000105638                __aeabi_uldivmod
 .text          0x0000000000105674      0x128 /opt/devkitpro/devkitARM/lib/gcc/arm-none-eabi/5.3.0/armv6k/fpu/libgcc.a(_udivmoddi4.o)
                0x0000000000105674                __udivmoddi4
 *(.text.*)
 *fill*         0x000000000010579c        0x4 
 .text.startup  0x00000000001057a0      0x7a8 main.o
                0x00000000001057a0                main
 .text._ZL21addrMapNodeComparatorPK11rbtree_nodeS1_
                0x0000000000105f48       0x24 /opt/devkitpro/libctru/lib/libctru.a(linear.o)
 .text._ZL21addrMapNodeDestructorP11rbtree_node
                0x0000000000105f6c        0x4 /opt/devkitpro/libctru/lib/libctru.a(linear.o)
 .text.linearMemAlign
                0x0000000000105f70      0x140 /opt/devkitpro/libctru/lib/libctru.a(linear.o)
                0x0000000000105f70                linearMemAlign
 .text.linearAlloc
                0x00000000001060b0        0x8 /opt/devkitpro/libctru/lib/libctru.a(linear.o)
                0x00000000001060b0                linearAlloc
 .text.linearFree
                0x00000000001060b8       0x50 /opt/devkitpro/libctru/lib/libctru.a(linear.o)
                0x00000000001060b8                linearFree
 .text.linearSpaceFree
                0x0000000000106108        0xc /opt/devkitpro/libctru/lib/libctru.a(linear.o)
                0x0000000000106108                linearSpaceFree
 .text._ZN7MemPool13CoalesceRightEP8MemBlock
                0x0000000000106114       0xa0 /opt/devkitpro/libctru/lib/libctru.a(mem_pool.o)
                0x0000000000106114                MemPool::CoalesceRight(MemBlock*)
 .text._ZN7MemPool8AllocateER8MemChunkmi
                0x00000000001061b4      0x18c /opt/devkitpro/libctru/lib/libctru.a(mem_pool.o)
                0x00000000001061b4                MemPool::Allocate(MemChunk&, unsigned long, int)
 .text._ZN7MemPool10DeallocateERK8MemChunk
                0x0000000000106340      0x104 /opt/devkitpro/libctru/lib/libctru.a(mem_pool.o)
                0x0000000000106340                MemPool::Deallocate(MemChunk const&)
 .text._ZN7MemPool12GetFreeSpaceEv
                0x0000000000106444       0x30 /opt/devkitpro/libctru/lib/libctru.a(mem_pool.o)
                0x0000000000106444                MemPool::GetFreeSpace()
 .text._ZL21addrMapNodeComparatorPK11rbtree_nodeS1_
                0x0000000000106474       0x24 /opt/devkitpro/libctru/lib/libctru.a(vram.o)
 .text._ZL21addrMapNodeDestructorP11rbtree_node
                0x0000000000106498        0x4 /opt/devkitpro/libctru/lib/libctru.a(vram.o)
 .text.vramMemAlign
                0x000000000010649c      0x130 /opt/devkitpro/libctru/lib/libctru.a(vram.o)
                0x000000000010649c                vramMemAlign
 .text.vramAlloc
                0x00000000001065cc        0x8 /opt/devkitpro/libctru/lib/libctru.a(vram.o)
                0x00000000001065cc                vramAlloc
 .text.vramFree
                0x00000000001065d4       0x50 /opt/devkitpro/libctru/lib/libctru.a(vram.o)
                0x00000000001065d4                vramFree
 .text.vramSpaceFree
                0x0000000000106624        0xc /opt/devkitpro/libctru/lib/libctru.a(vram.o)
                0x0000000000106624                vramSpaceFree
 .text.debug_write
                0x0000000000106630       0x1c /opt/devkitpro/libctru/lib/libctru.a(console.o)
                0x0000000000106630                debug_write
 .text.consoleDrawChar
                0x000000000010664c      0x1ac /opt/devkitpro/libctru/lib/libctru.a(console.o)
                0x000000000010664c                consoleDrawChar
 .text.consolePrintChar
                0x00000000001067f8      0x128 /opt/devkitpro/libctru/lib/libctru.a(console.o)
                0x00000000001067f8                consolePrintChar
 .text.consoleCls
                0x0000000000106920      0x184 /opt/devkitpro/libctru/lib/libctru.a(console.o)
 .text.consoleInit
                0x0000000000106aa4       0xf8 /opt/devkitpro/libctru/lib/libctru.a(console.o)
                0x0000000000106aa4                consoleInit
 .text.consoleClearLine
                0x0000000000106b9c      0x138 /opt/devkitpro/libctru/lib/libctru.a(console.o)
 .text.newRow   0x0000000000106cd4       0xc0 /opt/devkitpro/libctru/lib/libctru.a(console.o)
 .text.con_write
                0x0000000000106d94      0x86c /opt/devkitpro/libctru/lib/libctru.a(console.o)
                0x0000000000106d94                con_write
 .text.gfxSetFramebufferInfo.part.0
                0x0000000000107600       0x8c /opt/devkitpro/libctru/lib/libctru.a(gfx.o)
 .text.gfxSet3D
                0x000000000010768c       0x10 /opt/devkitpro/libctru/lib/libctru.a(gfx.o)
                0x000000000010768c                gfxSet3D
 .text.gfxSetScreenFormat
                0x000000000010769c       0x18 /opt/devkitpro/libctru/lib/libctru.a(gfx.o)
                0x000000000010769c                gfxSetScreenFormat
 .text.gfxSetDoubleBuffering
                0x00000000001076b4       0x14 /opt/devkitpro/libctru/lib/libctru.a(gfx.o)
                0x00000000001076b4                gfxSetDoubleBuffering
 .text.gfxSetFramebufferInfo
                0x00000000001076c8       0x70 /opt/devkitpro/libctru/lib/libctru.a(gfx.o)
                0x00000000001076c8                gfxSetFramebufferInfo
 .text.gfxWriteFramebufferInfo
                0x0000000000107738       0x88 /opt/devkitpro/libctru/lib/libctru.a(gfx.o)
                0x0000000000107738                gfxWriteFramebufferInfo
 .text.gfxInit  0x00000000001077c0      0x1d0 /opt/devkitpro/libctru/lib/libctru.a(gfx.o)
                0x00000000001077c0                gfxInit
 .text.gfxInitDefault
                0x0000000000107990       0x10 /opt/devkitpro/libctru/lib/libctru.a(gfx.o)
                0x0000000000107990                gfxInitDefault
 .text.gfxExit  0x00000000001079a0       0xe0 /opt/devkitpro/libctru/lib/libctru.a(gfx.o)
                0x00000000001079a0                gfxExit
 .text.gfxGetFramebuffer
                0x0000000000107a80       0xb0 /opt/devkitpro/libctru/lib/libctru.a(gfx.o)
                0x0000000000107a80                gfxGetFramebuffer
 .text.gfxFlushBuffers
                0x0000000000107b30       0xcc /opt/devkitpro/libctru/lib/libctru.a(gfx.o)
                0x0000000000107b30                gfxFlushBuffers
 .text.gfxConfigScreen
                0x0000000000107bfc       0x70 /opt/devkitpro/libctru/lib/libctru.a(gfx.o)
                0x0000000000107bfc                gfxConfigScreen
 .text.gfxSwapBuffersGpu
                0x0000000000107c6c       0x20 /opt/devkitpro/libctru/lib/libctru.a(gfx.o)
                0x0000000000107c6c                gfxSwapBuffersGpu
 .text.getSysTime
                0x0000000000107c8c       0x58 /opt/devkitpro/libctru/lib/libctru.a(os.o)
 .text.osConvertVirtToPhys
                0x0000000000107ce4       0x4c /opt/devkitpro/libctru/lib/libctru.a(os.o)
                0x0000000000107ce4                osConvertVirtToPhys
 .text.osGetMemRegionUsed
                0x0000000000107d30       0x24 /opt/devkitpro/libctru/lib/libctru.a(os.o)
                0x0000000000107d30                osGetMemRegionUsed
 *fill*         0x0000000000107d54        0x4 
 .text.__libctru_gtod
                0x0000000000107d58       0xf8 /opt/devkitpro/libctru/lib/libctru.a(os.o)
                0x0000000000107d58                __libctru_gtod
 .text.osGetTime
                0x0000000000107e50       0x78 /opt/devkitpro/libctru/lib/libctru.a(os.o)
                0x0000000000107e50                osGetTime
 .text.__ctru_speedup_config
                0x0000000000107ec8       0x34 /opt/devkitpro/libctru/lib/libctru.a(os.o)
                0x0000000000107ec8                __ctru_speedup_config
 .text.GPU_Init
                0x0000000000107efc       0x2c /opt/devkitpro/libctru/lib/libctru.a(gpu-old.o)
                0x0000000000107efc                GPU_Init
 .text.GPU_Reset
                0x0000000000107f28       0x10 /opt/devkitpro/libctru/lib/libctru.a(gpu-old.o)
                0x0000000000107f28                GPU_Reset
 .text.GPU_SetFloatUniform
                0x0000000000107f38       0x70 /opt/devkitpro/libctru/lib/libctru.a(gpu-old.o)
                0x0000000000107f38                GPU_SetFloatUniform
 .text.GPU_SetViewport
                0x0000000000107fa8      0x1f4 /opt/devkitpro/libctru/lib/libctru.a(gpu-old.o)
                0x0000000000107fa8                GPU_SetViewport
 .text.GPU_SetScissorTest
                0x000000000010819c       0x4c /opt/devkitpro/libctru/lib/libctru.a(gpu-old.o)
                0x000000000010819c                GPU_SetScissorTest
 .text.GPU_DepthMap
                0x00000000001081e8       0x7c /opt/devkitpro/libctru/lib/libctru.a(gpu-old.o)
                0x00000000001081e8                GPU_DepthMap
 .text.GPU_SetAlphaTest
                0x0000000000108264       0x38 /opt/devkitpro/libctru/lib/libctru.a(gpu-old.o)
                0x0000000000108264                GPU_SetAlphaTest
 .text.GPU_SetStencilTest
                0x000000000010829c       0x48 /opt/devkitpro/libctru/lib/libctru.a(gpu-old.o)
                0x000000000010829c                GPU_SetStencilTest
 .text.GPU_SetStencilOp
                0x00000000001082e4       0x34 /opt/devkitpro/libctru/lib/libctru.a(gpu-old.o)
                0x00000000001082e4                GPU_SetStencilOp
 .text.GPU_SetDepthTestAndWriteMask
                0x0000000000108318       0x38 /opt/devkitpro/libctru/lib/libctru.a(gpu-old.o)
                0x0000000000108318                GPU_SetDepthTestAndWriteMask
 .text.GPU_SetAlphaBlending
                0x0000000000108350       0x68 /opt/devkitpro/libctru/lib/libctru.a(gpu-old.o)
                0x0000000000108350                GPU_SetAlphaBlending
 .text.GPU_SetBlendingColor
                0x00000000001083b8       0x3c /opt/devkitpro/libctru/lib/libctru.a(gpu-old.o)
                0x00000000001083b8                GPU_SetBlendingColor
 .text.GPU_SetTextureEnable
                0x00000000001083f4       0x4c /opt/devkitpro/libctru/lib/libctru.a(gpu-old.o)
                0x00000000001083f4                GPU_SetTextureEnable
 .text.GPU_SetTexture
                0x0000000000108440      0x198 /opt/devkitpro/libctru/lib/libctru.a(gpu-old.o)
                0x0000000000108440                GPU_SetTexture
 .text.GPU_SetAttributeBuffers
                0x00000000001085d8      0x200 /opt/devkitpro/libctru/lib/libctru.a(gpu-old.o)
                0x00000000001085d8                GPU_SetAttributeBuffers
 .text.GPU_SetFaceCulling
                0x00000000001087d8       0x2c /opt/devkitpro/libctru/lib/libctru.a(gpu-old.o)
                0x00000000001087d8                GPU_SetFaceCulling
 .text.GPU_SetTexEnv
                0x0000000000108804       0x78 /opt/devkitpro/libctru/lib/libctru.a(gpu-old.o)
                0x0000000000108804                GPU_SetTexEnv
 .text.GPU_DrawArray
                0x000000000010887c      0x130 /opt/devkitpro/libctru/lib/libctru.a(gpu-old.o)
                0x000000000010887c                GPU_DrawArray
 .text.GPU_FinishDrawing
                0x00000000001089ac       0x5c /opt/devkitpro/libctru/lib/libctru.a(gpu-old.o)
                0x00000000001089ac                GPU_FinishDrawing
 .text.GPUCMD_SetBuffer
                0x0000000000108a08       0x2c /opt/devkitpro/libctru/lib/libctru.a(gpu.o)
                0x0000000000108a08                GPUCMD_SetBuffer
 .text.GPUCMD_SetBufferOffset
                0x0000000000108a34       0x10 /opt/devkitpro/libctru/lib/libctru.a(gpu.o)
                0x0000000000108a34                GPUCMD_SetBufferOffset
 .text.GPUCMD_FlushAndRun
                0x0000000000108a44       0x68 /opt/devkitpro/libctru/lib/libctru.a(gpu.o)
                0x0000000000108a44                GPUCMD_FlushAndRun
 .text.GPUCMD_Add
                0x0000000000108aac       0xe4 /opt/devkitpro/libctru/lib/libctru.a(gpu.o)
                0x0000000000108aac                GPUCMD_Add
 .text.GPUCMD_Finalize
                0x0000000000108b90       0x98 /opt/devkitpro/libctru/lib/libctru.a(gpu.o)
                0x0000000000108b90                GPUCMD_Finalize
 .text.f32tof24
                0x0000000000108c28       0x40 /opt/devkitpro/libctru/lib/libctru.a(gpu.o)
                0x0000000000108c28                f32tof24
 .text.f32tof31
                0x0000000000108c68       0x40 /opt/devkitpro/libctru/lib/libctru.a(gpu.o)
                0x0000000000108c68                f32tof31
 .text.GX_ProcessCommandList
                0x0000000000108ca8       0x54 /opt/devkitpro/libctru/lib/libctru.a(gx.o)
                0x0000000000108ca8                GX_ProcessCommandList
 .text.GX_MemoryFill
                0x0000000000108cfc       0x60 /opt/devkitpro/libctru/lib/libctru.a(gx.o)
                0x0000000000108cfc                GX_MemoryFill
 .text.GX_DisplayTransfer
                0x0000000000108d5c       0x50 /opt/devkitpro/libctru/lib/libctru.a(gx.o)
                0x0000000000108d5c                GX_DisplayTransfer
 .text.GX_FlushCacheRegions
                0x0000000000108dac       0x54 /opt/devkitpro/libctru/lib/libctru.a(gx.o)
                0x0000000000108dac                GX_FlushCacheRegions
 .text.GPU_SetShaderOutmap
                0x0000000000108e00       0x48 /opt/devkitpro/libctru/lib/libctru.a(shaderProgram.o)
 .text.GPU_SendShaderCode.constprop.0
                0x0000000000108e48       0xb8 /opt/devkitpro/libctru/lib/libctru.a(shaderProgram.o)
 .text.GPU_SendOperandDescriptors.constprop.1
                0x0000000000108f00       0x70 /opt/devkitpro/libctru/lib/libctru.a(shaderProgram.o)
 .text.shaderInstanceInit
                0x0000000000108f70      0x23c /opt/devkitpro/libctru/lib/libctru.a(shaderProgram.o)
                0x0000000000108f70                shaderInstanceInit
 .text.shaderInstanceFree
                0x00000000001091ac       0x38 /opt/devkitpro/libctru/lib/libctru.a(shaderProgram.o)
                0x00000000001091ac                shaderInstanceFree
 .text.shaderInstanceGetUniformLocation
                0x00000000001091e4       0x18 /opt/devkitpro/libctru/lib/libctru.a(shaderProgram.o)
                0x00000000001091e4                shaderInstanceGetUniformLocation
 .text.shaderProgramInit
                0x00000000001091fc       0x18 /opt/devkitpro/libctru/lib/libctru.a(shaderProgram.o)
                0x00000000001091fc                shaderProgramInit
 .text.shaderProgramFree
                0x0000000000109214       0x30 /opt/devkitpro/libctru/lib/libctru.a(shaderProgram.o)
                0x0000000000109214                shaderProgramFree
 .text.shaderProgramSetVsh
                0x0000000000109244       0x6c /opt/devkitpro/libctru/lib/libctru.a(shaderProgram.o)
                0x0000000000109244                shaderProgramSetVsh
 .text.shaderProgramConfigure
                0x00000000001092b0      0x340 /opt/devkitpro/libctru/lib/libctru.a(shaderProgram.o)
                0x00000000001092b0                shaderProgramConfigure
 .text.shaderProgramUse
                0x00000000001095f0      0x12c /opt/devkitpro/libctru/lib/libctru.a(shaderProgram.o)
                0x00000000001095f0                shaderProgramUse
 .text.DVLB_Free
                0x000000000010971c       0x3c /opt/devkitpro/libctru/lib/libctru.a(shbin.o)
                0x000000000010971c                DVLB_Free
 .text.DVLE_GetUniformRegister
                0x0000000000109758       0x80 /opt/devkitpro/libctru/lib/libctru.a(shbin.o)
                0x0000000000109758                DVLE_GetUniformRegister
 .text.DVLE_GenerateOutmap
                0x00000000001097d8      0x198 /opt/devkitpro/libctru/lib/libctru.a(shbin.o)
                0x00000000001097d8                DVLE_GenerateOutmap
 .text.DVLB_ParseFile
                0x0000000000109970      0x198 /opt/devkitpro/libctru/lib/libctru.a(shbin.o)
                0x0000000000109970                DVLB_ParseFile
 .text.__apt_initservicehandle
                0x0000000000109b08       0x68 /opt/devkitpro/libctru/lib/libctru.a(apt.o)
 .text._aptDebug
                0x0000000000109b70        0x4 /opt/devkitpro/libctru/lib/libctru.a(apt.o)
                0x0000000000109b70                _aptDebug
 .text.aptInitCaptureInfo
                0x0000000000109b74       0x98 /opt/devkitpro/libctru/lib/libctru.a(apt.o)
                0x0000000000109b74                aptInitCaptureInfo
 .text.aptWaitStatusEvent
                0x0000000000109c0c       0x28 /opt/devkitpro/libctru/lib/libctru.a(apt.o)
                0x0000000000109c0c                aptWaitStatusEvent
 .text.aptGetMenuAppID
                0x0000000000109c34       0x60 /opt/devkitpro/libctru/lib/libctru.a(apt.o)
                0x0000000000109c34                aptGetMenuAppID
 .text.aptHook  0x0000000000109c94       0x34 /opt/devkitpro/libctru/lib/libctru.a(apt.o)
                0x0000000000109c94                aptHook
 .text.aptUnhook
                0x0000000000109cc8       0x2c /opt/devkitpro/libctru/lib/libctru.a(apt.o)
                0x0000000000109cc8                aptUnhook
 .text.aptSetStatus
                0x0000000000109cf4       0x6c /opt/devkitpro/libctru/lib/libctru.a(apt.o)
                0x0000000000109cf4                aptSetStatus
 .text.APT_GetLockHandle
                0x0000000000109d60       0x48 /opt/devkitpro/libctru/lib/libctru.a(apt.o)
                0x0000000000109d60                APT_GetLockHandle
 .text.APT_Initialize
                0x0000000000109da8       0x60 /opt/devkitpro/libctru/lib/libctru.a(apt.o)
                0x0000000000109da8                APT_Initialize
 .text.APT_Finalize
                0x0000000000109e08       0x34 /opt/devkitpro/libctru/lib/libctru.a(apt.o)
                0x0000000000109e08                APT_Finalize
 .text.APT_InquireNotification
                0x0000000000109e3c       0x48 /opt/devkitpro/libctru/lib/libctru.a(apt.o)
                0x0000000000109e3c                APT_InquireNotification
 .text.APT_PrepareToJumpToHomeMenu
                0x0000000000109e84       0x2c /opt/devkitpro/libctru/lib/libctru.a(apt.o)
                0x0000000000109e84                APT_PrepareToJumpToHomeMenu
 .text.APT_JumpToHomeMenu
                0x0000000000109eb0       0x50 /opt/devkitpro/libctru/lib/libctru.a(apt.o)
                0x0000000000109eb0                APT_JumpToHomeMenu
 .text.APT_PrepareToJumpToApplication
                0x0000000000109f00       0x34 /opt/devkitpro/libctru/lib/libctru.a(apt.o)
                0x0000000000109f00                APT_PrepareToJumpToApplication
 .text.APT_JumpToApplication
                0x0000000000109f34       0x50 /opt/devkitpro/libctru/lib/libctru.a(apt.o)
                0x0000000000109f34                APT_JumpToApplication
 .text.APT_NotifyToWait
                0x0000000000109f84       0x34 /opt/devkitpro/libctru/lib/libctru.a(apt.o)
                0x0000000000109f84                APT_NotifyToWait
 .text.APT_AppletUtility
                0x0000000000109fb8       0x7c /opt/devkitpro/libctru/lib/libctru.a(apt.o)
                0x0000000000109fb8                APT_AppletUtility
 .text.aptAppletUtility_Exit_RetToApp
                0x000000000010a034      0x188 /opt/devkitpro/libctru/lib/libctru.a(apt.o)
                0x000000000010a034                aptAppletUtility_Exit_RetToApp
 .text.aptAppletClosed
                0x000000000010a1bc       0x3c /opt/devkitpro/libctru/lib/libctru.a(apt.o)
                0x000000000010a1bc                aptAppletClosed
 .text.aptAppStarted
                0x000000000010a1f8      0x114 /opt/devkitpro/libctru/lib/libctru.a(apt.o)
 .text.aptInit  0x000000000010a30c      0x298 /opt/devkitpro/libctru/lib/libctru.a(apt.o)
                0x000000000010a30c                aptInit
 .text.APT_ReceiveParameter
                0x000000000010a5a4       0x6c /opt/devkitpro/libctru/lib/libctru.a(apt.o)
                0x000000000010a5a4                APT_ReceiveParameter
 .text.APT_SendParameter
                0x000000000010a610       0x64 /opt/devkitpro/libctru/lib/libctru.a(apt.o)
                0x000000000010a610                APT_SendParameter
 .text.APT_SendCaptureBufferInfo
                0x000000000010a674       0x44 /opt/devkitpro/libctru/lib/libctru.a(apt.o)
                0x000000000010a674                APT_SendCaptureBufferInfo
 .text.aptReturnToMenu
                0x000000000010a6b8      0x264 /opt/devkitpro/libctru/lib/libctru.a(apt.o)
                0x000000000010a6b8                aptReturnToMenu
 .text.APT_ReplySleepQuery
                0x000000000010a91c       0x38 /opt/devkitpro/libctru/lib/libctru.a(apt.o)
                0x000000000010a91c                APT_ReplySleepQuery
 .text.APT_ReplySleepNotificationComplete
                0x000000000010a954       0x34 /opt/devkitpro/libctru/lib/libctru.a(apt.o)
                0x000000000010a954                APT_ReplySleepNotificationComplete
 .text.aptEventHandler
                0x000000000010a988      0x3f4 /opt/devkitpro/libctru/lib/libctru.a(apt.o)
                0x000000000010a988                aptEventHandler
 .text.APT_PrepareToCloseApplication
                0x000000000010ad7c       0x34 /opt/devkitpro/libctru/lib/libctru.a(apt.o)
                0x000000000010ad7c                APT_PrepareToCloseApplication
 .text.APT_CloseApplication
                0x000000000010adb0       0x50 /opt/devkitpro/libctru/lib/libctru.a(apt.o)
                0x000000000010adb0                APT_CloseApplication
 .text.aptExit  0x000000000010ae00      0x2d0 /opt/devkitpro/libctru/lib/libctru.a(apt.o)
                0x000000000010ae00                aptExit
 .text.APT_CheckNew3DS_System
                0x000000000010b0d0       0x6c /opt/devkitpro/libctru/lib/libctru.a(apt.o)
                0x000000000010b0d0                APT_CheckNew3DS_System
 .text.APT_CheckNew3DS
                0x000000000010b13c       0x8c /opt/devkitpro/libctru/lib/libctru.a(apt.o)
                0x000000000010b13c                APT_CheckNew3DS
 .text.APT_StartLibraryApplet
                0x000000000010b1c8       0x54 /opt/devkitpro/libctru/lib/libctru.a(apt.o)
                0x000000000010b1c8                APT_StartLibraryApplet
 .text.aptAppletStarted
                0x000000000010b21c      0x174 /opt/devkitpro/libctru/lib/libctru.a(apt.o)
                0x000000000010b21c                aptAppletStarted
 .text.aptMainLoop
                0x000000000010b390      0x1a4 /opt/devkitpro/libctru/lib/libctru.a(apt.o)
                0x000000000010b390                aptMainLoop
 .text.gspEventThreadMain
                0x000000000010b534      0x124 /opt/devkitpro/libctru/lib/libctru.a(gspgpu.o)
 .text.gspInit  0x000000000010b658       0x74 /opt/devkitpro/libctru/lib/libctru.a(gspgpu.o)
                0x000000000010b658                gspInit
 .text.gspExit  0x000000000010b6cc       0x3c /opt/devkitpro/libctru/lib/libctru.a(gspgpu.o)
                0x000000000010b6cc                gspExit
 .text.gspInitEventHandler
                0x000000000010b708       0xd0 /opt/devkitpro/libctru/lib/libctru.a(gspgpu.o)
                0x000000000010b708                gspInitEventHandler
 .text.gspExitEventHandler
                0x000000000010b7d8       0x5c /opt/devkitpro/libctru/lib/libctru.a(gspgpu.o)
                0x000000000010b7d8                gspExitEventHandler
 .text.gspWaitForEvent
                0x000000000010b834       0x58 /opt/devkitpro/libctru/lib/libctru.a(gspgpu.o)
                0x000000000010b834                gspWaitForEvent
 .text.gspSubmitGxCommand
                0x000000000010b88c      0x128 /opt/devkitpro/libctru/lib/libctru.a(gspgpu.o)
                0x000000000010b88c                gspSubmitGxCommand
 .text.GSPGPU_SetBufferSwap
                0x000000000010b9b4       0x6c /opt/devkitpro/libctru/lib/libctru.a(gspgpu.o)
                0x000000000010b9b4                GSPGPU_SetBufferSwap
 .text.GSPGPU_FlushDataCache
                0x000000000010ba20       0x4c /opt/devkitpro/libctru/lib/libctru.a(gspgpu.o)
                0x000000000010ba20                GSPGPU_FlushDataCache
 .text.GSPGPU_InvalidateDataCache
                0x000000000010ba6c       0x4c /opt/devkitpro/libctru/lib/libctru.a(gspgpu.o)
                0x000000000010ba6c                GSPGPU_InvalidateDataCache
 .text.GSPGPU_SetLcdForceBlack
                0x000000000010bab8       0x34 /opt/devkitpro/libctru/lib/libctru.a(gspgpu.o)
                0x000000000010bab8                GSPGPU_SetLcdForceBlack
 .text.GSPGPU_RegisterInterruptRelayQueue
                0x000000000010baec       0x64 /opt/devkitpro/libctru/lib/libctru.a(gspgpu.o)
                0x000000000010baec                GSPGPU_RegisterInterruptRelayQueue
 .text.GSPGPU_UnregisterInterruptRelayQueue
                0x000000000010bb50       0x2c /opt/devkitpro/libctru/lib/libctru.a(gspgpu.o)
                0x000000000010bb50                GSPGPU_UnregisterInterruptRelayQueue
 .text.GSPGPU_AcquireRight
                0x000000000010bb7c       0x48 /opt/devkitpro/libctru/lib/libctru.a(gspgpu.o)
                0x000000000010bb7c                GSPGPU_AcquireRight
 .text.GSPGPU_ReleaseRight
                0x000000000010bbc4       0x2c /opt/devkitpro/libctru/lib/libctru.a(gspgpu.o)
                0x000000000010bbc4                GSPGPU_ReleaseRight
 .text.GSPGPU_ImportDisplayCaptureInfo
                0x000000000010bbf0       0x80 /opt/devkitpro/libctru/lib/libctru.a(gspgpu.o)
                0x000000000010bbf0                GSPGPU_ImportDisplayCaptureInfo
 .text.GSPGPU_SaveVramSysArea
                0x000000000010bc70       0x2c /opt/devkitpro/libctru/lib/libctru.a(gspgpu.o)
                0x000000000010bc70                GSPGPU_SaveVramSysArea
 .text.GSPGPU_RestoreVramSysArea
                0x000000000010bc9c       0x2c /opt/devkitpro/libctru/lib/libctru.a(gspgpu.o)
                0x000000000010bc9c                GSPGPU_RestoreVramSysArea
 .text.hidExit  0x000000000010bcc8       0xd8 /opt/devkitpro/libctru/lib/libctru.a(hid.o)
                0x000000000010bcc8                hidExit
 .text.hidScanInput
                0x000000000010bda0      0x238 /opt/devkitpro/libctru/lib/libctru.a(hid.o)
                0x000000000010bda0                hidScanInput
 .text.hidKeysHeld
                0x000000000010bfd8       0x10 /opt/devkitpro/libctru/lib/libctru.a(hid.o)
                0x000000000010bfd8                hidKeysHeld
 .text.hidKeysDown
                0x000000000010bfe8       0x10 /opt/devkitpro/libctru/lib/libctru.a(hid.o)
                0x000000000010bfe8                hidKeysDown
 .text.hidKeysUp
                0x000000000010bff8       0x10 /opt/devkitpro/libctru/lib/libctru.a(hid.o)
                0x000000000010bff8                hidKeysUp
 .text.hidTouchRead
                0x000000000010c008       0x18 /opt/devkitpro/libctru/lib/libctru.a(hid.o)
                0x000000000010c008                hidTouchRead
 .text.hidCircleRead
                0x000000000010c020       0x18 /opt/devkitpro/libctru/lib/libctru.a(hid.o)
                0x000000000010c020                hidCircleRead
 .text.HIDUSER_GetHandles
                0x000000000010c038       0x90 /opt/devkitpro/libctru/lib/libctru.a(hid.o)
                0x000000000010c038                HIDUSER_GetHandles
 .text.hidInit  0x000000000010c0c8      0x184 /opt/devkitpro/libctru/lib/libctru.a(hid.o)
                0x000000000010c0c8                hidInit
 .text.irrstScanInput
                0x000000000010c24c       0xb0 /opt/devkitpro/libctru/lib/libctru.a(irrst.o)
                0x000000000010c24c                irrstScanInput
 .text.irrstKeysHeld
                0x000000000010c2fc       0x1c /opt/devkitpro/libctru/lib/libctru.a(irrst.o)
                0x000000000010c2fc                irrstKeysHeld
 .text.IRRST_GetHandles
                0x000000000010c318       0x50 /opt/devkitpro/libctru/lib/libctru.a(irrst.o)
                0x000000000010c318                IRRST_GetHandles
 .text.irrstInit
                0x000000000010c368      0x148 /opt/devkitpro/libctru/lib/libctru.a(irrst.o)
                0x000000000010c368                irrstInit
 .text.IRRST_Shutdown
                0x000000000010c4b0       0x2c /opt/devkitpro/libctru/lib/libctru.a(irrst.o)
                0x000000000010c4b0                IRRST_Shutdown
 .text.irrstExit
                0x000000000010c4dc       0xb0 /opt/devkitpro/libctru/lib/libctru.a(irrst.o)
                0x000000000010c4dc                irrstExit
 .text.ptmSysmInit
                0x000000000010c58c       0x70 /opt/devkitpro/libctru/lib/libctru.a(ptmsysm.o)
                0x000000000010c58c                ptmSysmInit
 .text.ptmSysmExit
                0x000000000010c5fc       0x34 /opt/devkitpro/libctru/lib/libctru.a(ptmsysm.o)
                0x000000000010c5fc                ptmSysmExit
 .text.PTMSYSM_ConfigureNew3DSCPU
                0x000000000010c630       0x34 /opt/devkitpro/libctru/lib/libctru.a(ptmsysm.o)
                0x000000000010c630                PTMSYSM_ConfigureNew3DSCPU
 .text.rbtree_find
                0x000000000010c664       0x70 /opt/devkitpro/libctru/lib/libctru.a(rbtree_find.o)
                0x000000000010c664                rbtree_find
 .text.rbtree_init
                0x000000000010c6d4       0x14 /opt/devkitpro/libctru/lib/libctru.a(rbtree_init.o)
                0x000000000010c6d4                rbtree_init
 .text.do_insert
                0x000000000010c6e8      0x1d4 /opt/devkitpro/libctru/lib/libctru.a(rbtree_insert.o)
 .text.rbtree_insert
                0x000000000010c8bc        0x8 /opt/devkitpro/libctru/lib/libctru.a(rbtree_insert.o)
                0x000000000010c8bc                rbtree_insert
 .text.rbtree_remove
                0x000000000010c8c4      0x35c /opt/devkitpro/libctru/lib/libctru.a(rbtree_remove.o)
                0x000000000010c8c4                rbtree_remove
 .text.rbtree_rotate
                0x000000000010cc20       0xac /opt/devkitpro/libctru/lib/libctru.a(rbtree_rotate.o)
                0x000000000010cc20                rbtree_rotate
 .text.osGetMemRegionSize
                0x000000000010cccc       0x58 /opt/devkitpro/libctru/lib/libctru.a(allocateHeaps.o)
 .text.__system_allocateHeaps
                0x000000000010cd24      0x124 /opt/devkitpro/libctru/lib/libctru.a(allocateHeaps.o)
                0x000000000010cd24                __system_allocateHeaps
 .text.__system_initArgv
                0x000000000010ce48       0xf4 /opt/devkitpro/libctru/lib/libctru.a(initArgv.o)
                0x000000000010ce48                __system_initArgv
 .text.__libctru_init
                0x000000000010cf3c       0x38 /opt/devkitpro/libctru/lib/libctru.a(initSystem.o)
                0x000000000010cf3c                __libctru_init
 .text.__ctru_get_reent
                0x000000000010cf74       0x30 /opt/devkitpro/libctru/lib/libctru.a(syscalls.o)
 .text.__system_initSyscalls
                0x000000000010cfa4       0xe8 /opt/devkitpro/libctru/lib/libctru.a(syscalls.o)
                0x000000000010cfa4                __system_initSyscalls
 .text.svcControlMemory
                0x000000000010d08c       0x20 /opt/devkitpro/libctru/lib/libctru.a(svc.o)
                0x000000000010d08c                svcControlMemory
 .text.svcExitProcess
                0x000000000010d0ac        0x8 /opt/devkitpro/libctru/lib/libctru.a(svc.o)
                0x000000000010d0ac                svcExitProcess
 .text.svcCreateThread
                0x000000000010d0b4       0x20 /opt/devkitpro/libctru/lib/libctru.a(svc.o)
                0x000000000010d0b4                svcCreateThread
 .text.svcExitThread
                0x000000000010d0d4        0x8 /opt/devkitpro/libctru/lib/libctru.a(svc.o)
                0x000000000010d0d4                svcExitThread
 .text.svcCreateEvent
                0x000000000010d0dc       0x14 /opt/devkitpro/libctru/lib/libctru.a(svc.o)
                0x000000000010d0dc                svcCreateEvent
 .text.svcSignalEvent
                0x000000000010d0f0        0x8 /opt/devkitpro/libctru/lib/libctru.a(svc.o)
                0x000000000010d0f0                svcSignalEvent
 .text.svcClearEvent
                0x000000000010d0f8        0x8 /opt/devkitpro/libctru/lib/libctru.a(svc.o)
                0x000000000010d0f8                svcClearEvent
 .text.svcMapMemoryBlock
                0x000000000010d100        0x8 /opt/devkitpro/libctru/lib/libctru.a(svc.o)
                0x000000000010d100                svcMapMemoryBlock
 .text.svcUnmapMemoryBlock
                0x000000000010d108        0x8 /opt/devkitpro/libctru/lib/libctru.a(svc.o)
                0x000000000010d108                svcUnmapMemoryBlock
 .text.svcCreateAddressArbiter
                0x000000000010d110       0x14 /opt/devkitpro/libctru/lib/libctru.a(svc.o)
                0x000000000010d110                svcCreateAddressArbiter
 .text.svcArbitrateAddress
                0x000000000010d124       0x18 /opt/devkitpro/libctru/lib/libctru.a(svc.o)
                0x000000000010d124                svcArbitrateAddress
 .text.svcCloseHandle
                0x000000000010d13c        0x8 /opt/devkitpro/libctru/lib/libctru.a(svc.o)
                0x000000000010d13c                svcCloseHandle
 .text.svcWaitSynchronization
                0x000000000010d144        0x8 /opt/devkitpro/libctru/lib/libctru.a(svc.o)
                0x000000000010d144                svcWaitSynchronization
 .text.svcWaitSynchronizationN
                0x000000000010d14c       0x28 /opt/devkitpro/libctru/lib/libctru.a(svc.o)
                0x000000000010d14c                svcWaitSynchronizationN
 .text.svcDuplicateHandle
                0x000000000010d174       0x14 /opt/devkitpro/libctru/lib/libctru.a(svc.o)
                0x000000000010d174                svcDuplicateHandle
 .text.svcGetSystemTick
                0x000000000010d188        0x8 /opt/devkitpro/libctru/lib/libctru.a(svc.o)
                0x000000000010d188                svcGetSystemTick
 .text.svcGetSystemInfo
                0x000000000010d190       0x18 /opt/devkitpro/libctru/lib/libctru.a(svc.o)
                0x000000000010d190                svcGetSystemInfo
 .text.svcConnectToPort
                0x000000000010d1a8       0x14 /opt/devkitpro/libctru/lib/libctru.a(svc.o)
                0x000000000010d1a8                svcConnectToPort
 .text.svcSendSyncRequest
                0x000000000010d1bc        0x8 /opt/devkitpro/libctru/lib/libctru.a(svc.o)
                0x000000000010d1bc                svcSendSyncRequest
 .text.svcBreak
                0x000000000010d1c4        0x8 /opt/devkitpro/libctru/lib/libctru.a(svc.o)
                0x000000000010d1c4                svcBreak
 .text.svcOutputDebugString
                0x000000000010d1cc        0x8 /opt/devkitpro/libctru/lib/libctru.a(svc.o)
                0x000000000010d1cc                svcOutputDebugString
 .text._ZL21addrMapNodeComparatorPK11rbtree_nodeS1_
                0x000000000010d1d4       0x24 /opt/devkitpro/libctru/lib/libctru.a(mappable.o)
 .text._ZL21addrMapNodeDestructorP11rbtree_node
                0x000000000010d1f8        0x4 /opt/devkitpro/libctru/lib/libctru.a(mappable.o)
 .text.mappableAlloc
                0x000000000010d1fc       0xf4 /opt/devkitpro/libctru/lib/libctru.a(mappable.o)
                0x000000000010d1fc                mappableAlloc
 .text.mappableFree
                0x000000000010d2f0       0x50 /opt/devkitpro/libctru/lib/libctru.a(mappable.o)
                0x000000000010d2f0                mappableFree
 .text.envGetHandle
                0x000000000010d340       0x94 /opt/devkitpro/libctru/lib/libctru.a(env.o)
                0x000000000010d340                envGetHandle
 .text.envDestroyHandles
                0x000000000010d3d4       0x4c /opt/devkitpro/libctru/lib/libctru.a(env.o)
                0x000000000010d3d4                envDestroyHandles
 .text.srvExit  0x000000000010d420       0x50 /opt/devkitpro/libctru/lib/libctru.a(srv.o)
                0x000000000010d420                srvExit
 .text.srvRegisterClient
                0x000000000010d470       0x38 /opt/devkitpro/libctru/lib/libctru.a(srv.o)
                0x000000000010d470                srvRegisterClient
 .text.srvInit  0x000000000010d4a8       0x70 /opt/devkitpro/libctru/lib/libctru.a(srv.o)
                0x000000000010d4a8                srvInit
 .text.srvGetServiceHandleDirect
                0x000000000010d518       0x68 /opt/devkitpro/libctru/lib/libctru.a(srv.o)
                0x000000000010d518                srvGetServiceHandleDirect
 .text.srvGetServiceHandle
                0x000000000010d580       0x38 /opt/devkitpro/libctru/lib/libctru.a(srv.o)
                0x000000000010d580                srvGetServiceHandle
 .text.LightLock_Unlock.part.1
                0x000000000010d5b8       0x34 /opt/devkitpro/libctru/lib/libctru.a(synchronization.o)
 .text.__sync_init
                0x000000000010d5ec        0xc /opt/devkitpro/libctru/lib/libctru.a(synchronization.o)
                0x000000000010d5ec                __sync_init
 .text.__sync_fini
                0x000000000010d5f8       0x18 /opt/devkitpro/libctru/lib/libctru.a(synchronization.o)
                0x000000000010d5f8                __sync_fini
 .text.LightLock_Init
                0x000000000010d610       0x18 /opt/devkitpro/libctru/lib/libctru.a(synchronization.o)
                0x000000000010d610                LightLock_Init
 .text.LightLock_Lock
                0x000000000010d628       0x94 /opt/devkitpro/libctru/lib/libctru.a(synchronization.o)
                0x000000000010d628                LightLock_Lock
 .text.LightLock_TryLock
                0x000000000010d6bc       0x34 /opt/devkitpro/libctru/lib/libctru.a(synchronization.o)
                0x000000000010d6bc                LightLock_TryLock
 .text.LightLock_Unlock
                0x000000000010d6f0       0x20 /opt/devkitpro/libctru/lib/libctru.a(synchronization.o)
                0x000000000010d6f0                LightLock_Unlock
 .text.RecursiveLock_Init
                0x000000000010d710       0x24 /opt/devkitpro/libctru/lib/libctru.a(synchronization.o)
                0x000000000010d710                RecursiveLock_Init
 .text.RecursiveLock_Lock
                0x000000000010d734       0x30 /opt/devkitpro/libctru/lib/libctru.a(synchronization.o)
                0x000000000010d734                RecursiveLock_Lock
 .text.RecursiveLock_TryLock
                0x000000000010d764       0x58 /opt/devkitpro/libctru/lib/libctru.a(synchronization.o)
                0x000000000010d764                RecursiveLock_TryLock
 .text.RecursiveLock_Unlock
                0x000000000010d7bc       0x38 /opt/devkitpro/libctru/lib/libctru.a(synchronization.o)
                0x000000000010d7bc                RecursiveLock_Unlock
 .text.threadCreate
                0x000000000010d7f4      0x1c8 /opt/devkitpro/libctru/lib/libctru.a(thread.o)
                0x000000000010d7f4                threadCreate
 .text.threadJoin
                0x000000000010d9bc       0x24 /opt/devkitpro/libctru/lib/libctru.a(thread.o)
                0x000000000010d9bc                threadJoin
 .text.threadExit
                0x000000000010d9e0       0x6c /opt/devkitpro/libctru/lib/libctru.a(thread.o)
                0x000000000010d9e0                threadExit
 .text._thread_begin
                0x000000000010da4c       0x3c /opt/devkitpro/libctru/lib/libctru.a(thread.o)
 .text.rbtree_node_next
                0x000000000010da88       0x8c /opt/devkitpro/libctru/lib/libctru.a(rbtree_iterator.o)
                0x000000000010da88                rbtree_node_next
 .text.__appExit
                0x000000000010db14       0x1c /opt/devkitpro/libctru/lib/libctru.a(appExit.o)
                0x000000000010db14                __appExit
 .text.__appInit
                0x000000000010db30       0x1c /opt/devkitpro/libctru/lib/libctru.a(appInit.o)
                0x000000000010db30                __appInit
 .text.__libctru_exit
                0x000000000010db4c       0xa4 /opt/devkitpro/libctru/lib/libctru.a(ctru_exit.o)
                0x000000000010db4c                __libctru_exit
 .text.sdmc_link
                0x000000000010dbf0       0x10 /opt/devkitpro/libctru/lib/libctru.a(sdmc_dev.o)
 .text.sdmc_dirreset
                0x000000000010dc00       0x10 /opt/devkitpro/libctru/lib/libctru.a(sdmc_dev.o)
 .text.sdmc_chmod
                0x000000000010dc10       0x10 /opt/devkitpro/libctru/lib/libctru.a(sdmc_dev.o)
 .text.sdmc_fchmod
                0x000000000010dc20       0x10 /opt/devkitpro/libctru/lib/libctru.a(sdmc_dev.o)
 .text.error_cmp
                0x000000000010dc30       0x24 /opt/devkitpro/libctru/lib/libctru.a(sdmc_dev.o)
 .text.sdmc_translate_error
                0x000000000010dc54       0x50 /opt/devkitpro/libctru/lib/libctru.a(sdmc_dev.o)
 .text.sdmc_fsync
                0x000000000010dca4       0x34 /opt/devkitpro/libctru/lib/libctru.a(sdmc_dev.o)
 .text.sdmc_ftruncate
                0x000000000010dcd8       0x54 /opt/devkitpro/libctru/lib/libctru.a(sdmc_dev.o)
 .text.sdmc_statvfs
                0x000000000010dd2c       0xac /opt/devkitpro/libctru/lib/libctru.a(sdmc_dev.o)
 .text.sdmc_dirclose
                0x000000000010ddd8       0x38 /opt/devkitpro/libctru/lib/libctru.a(sdmc_dev.o)
 .text.sdmc_dirnext
                0x000000000010de10       0xe0 /opt/devkitpro/libctru/lib/libctru.a(sdmc_dev.o)
 .text.sdmc_close
                0x000000000010def0       0x34 /opt/devkitpro/libctru/lib/libctru.a(sdmc_dev.o)
 .text.sdmc_fstat
                0x000000000010df24       0x74 /opt/devkitpro/libctru/lib/libctru.a(sdmc_dev.o)
 .text.sdmc_seek
                0x000000000010df98       0xc0 /opt/devkitpro/libctru/lib/libctru.a(sdmc_dev.o)
 .text.sdmc_read
                0x000000000010e058       0x8c /opt/devkitpro/libctru/lib/libctru.a(sdmc_dev.o)
 .text.sdmc_write
                0x000000000010e0e4      0x108 /opt/devkitpro/libctru/lib/libctru.a(sdmc_dev.o)
 .text.sdmc_utf16path
                0x000000000010e1ec      0x1b4 /opt/devkitpro/libctru/lib/libctru.a(sdmc_dev.o)
 .text.sdmc_rmdir
                0x000000000010e3a0       0x80 /opt/devkitpro/libctru/lib/libctru.a(sdmc_dev.o)
 .text.sdmc_diropen
                0x000000000010e420       0x9c /opt/devkitpro/libctru/lib/libctru.a(sdmc_dev.o)
 .text.sdmc_chdir
                0x000000000010e4bc       0xa8 /opt/devkitpro/libctru/lib/libctru.a(sdmc_dev.o)
 .text.sdmc_mkdir
                0x000000000010e564       0x84 /opt/devkitpro/libctru/lib/libctru.a(sdmc_dev.o)
 .text.sdmc_rename
                0x000000000010e5e8      0x138 /opt/devkitpro/libctru/lib/libctru.a(sdmc_dev.o)
 .text.sdmc_unlink
                0x000000000010e720       0x80 /opt/devkitpro/libctru/lib/libctru.a(sdmc_dev.o)
 .text.sdmc_stat
                0x000000000010e7a0      0x120 /opt/devkitpro/libctru/lib/libctru.a(sdmc_dev.o)
 .text.sdmc_open
                0x000000000010e8c0      0x1ac /opt/devkitpro/libctru/lib/libctru.a(sdmc_dev.o)
 .text.sdmcInit
                0x000000000010ea6c      0x134 /opt/devkitpro/libctru/lib/libctru.a(sdmc_dev.o)
                0x000000000010ea6c                sdmcInit
 .text.sdmcExit
                0x000000000010eba0       0x50 /opt/devkitpro/libctru/lib/libctru.a(sdmc_dev.o)
                0x000000000010eba0                sdmcExit
 .text.fsInit   0x000000000010ebf0       0xc8 /opt/devkitpro/libctru/lib/libctru.a(fs.o)
                0x000000000010ebf0                fsInit
 .text.fsExit   0x000000000010ecb8       0x34 /opt/devkitpro/libctru/lib/libctru.a(fs.o)
                0x000000000010ecb8                fsExit
 .text.FSUSER_OpenFile
                0x000000000010ecec       0xdc /opt/devkitpro/libctru/lib/libctru.a(fs.o)
                0x000000000010ecec                FSUSER_OpenFile
 .text.FSUSER_DeleteFile
                0x000000000010edc8       0xb8 /opt/devkitpro/libctru/lib/libctru.a(fs.o)
                0x000000000010edc8                FSUSER_DeleteFile
 .text.FSUSER_RenameFile
                0x000000000010ee80       0xf4 /opt/devkitpro/libctru/lib/libctru.a(fs.o)
                0x000000000010ee80                FSUSER_RenameFile
 .text.FSUSER_DeleteDirectory
                0x000000000010ef74       0xb8 /opt/devkitpro/libctru/lib/libctru.a(fs.o)
                0x000000000010ef74                FSUSER_DeleteDirectory
 .text.FSUSER_CreateFile
                0x000000000010f02c       0xd0 /opt/devkitpro/libctru/lib/libctru.a(fs.o)
                0x000000000010f02c                FSUSER_CreateFile
 .text.FSUSER_CreateDirectory
                0x000000000010f0fc       0xc0 /opt/devkitpro/libctru/lib/libctru.a(fs.o)
                0x000000000010f0fc                FSUSER_CreateDirectory
 .text.FSUSER_RenameDirectory
                0x000000000010f1bc       0xf4 /opt/devkitpro/libctru/lib/libctru.a(fs.o)
                0x000000000010f1bc                FSUSER_RenameDirectory
 .text.FSUSER_OpenDirectory
                0x000000000010f2b0       0xc4 /opt/devkitpro/libctru/lib/libctru.a(fs.o)
                0x000000000010f2b0                FSUSER_OpenDirectory
 .text.FSUSER_OpenArchive
                0x000000000010f374       0xbc /opt/devkitpro/libctru/lib/libctru.a(fs.o)
                0x000000000010f374                FSUSER_OpenArchive
 .text.FSUSER_CloseArchive
                0x000000000010f430       0x88 /opt/devkitpro/libctru/lib/libctru.a(fs.o)
                0x000000000010f430                FSUSER_CloseArchive
 .text.FSUSER_GetSdmcArchiveResource
                0x000000000010f4b8       0x8c /opt/devkitpro/libctru/lib/libctru.a(fs.o)
                0x000000000010f4b8                FSUSER_GetSdmcArchiveResource
 .text.FSUSER_IsSdmcWritable
                0x000000000010f544       0x64 /opt/devkitpro/libctru/lib/libctru.a(fs.o)
                0x000000000010f544                FSUSER_IsSdmcWritable
 .text.FSFILE_Read
                0x000000000010f5a8       0x5c /opt/devkitpro/libctru/lib/libctru.a(fs.o)
                0x000000000010f5a8                FSFILE_Read
 .text.FSFILE_Write
                0x000000000010f604       0x64 /opt/devkitpro/libctru/lib/libctru.a(fs.o)
                0x000000000010f604                FSFILE_Write
 .text.FSFILE_GetSize
                0x000000000010f668       0x3c /opt/devkitpro/libctru/lib/libctru.a(fs.o)
                0x000000000010f668                FSFILE_GetSize
 .text.FSFILE_SetSize
                0x000000000010f6a4       0x2c /opt/devkitpro/libctru/lib/libctru.a(fs.o)
                0x000000000010f6a4                FSFILE_SetSize
 .text.FSFILE_Close
                0x000000000010f6d0       0x3c /opt/devkitpro/libctru/lib/libctru.a(fs.o)
                0x000000000010f6d0                FSFILE_Close
 .text.FSFILE_Flush
                0x000000000010f70c       0x24 /opt/devkitpro/libctru/lib/libctru.a(fs.o)
                0x000000000010f70c                FSFILE_Flush
 .text.FSDIR_Read
                0x000000000010f730       0x54 /opt/devkitpro/libctru/lib/libctru.a(fs.o)
                0x000000000010f730                FSDIR_Read
 .text.FSDIR_Close
                0x000000000010f784       0x3c /opt/devkitpro/libctru/lib/libctru.a(fs.o)
                0x000000000010f784                FSDIR_Close
 .text.decode_utf8
                0x000000000010f7c0      0x138 /opt/devkitpro/libctru/lib/libctru.a(decode_utf8.o)
                0x000000000010f7c0                decode_utf8
 .text.utf16_to_utf8
                0x000000000010f8f8       0xe4 /opt/devkitpro/libctru/lib/libctru.a(utf16_to_utf8.o)
                0x000000000010f8f8                utf16_to_utf8
 .text.utf8_to_utf16
                0x000000000010f9dc       0xbc /opt/devkitpro/libctru/lib/libctru.a(utf8_to_utf16.o)
                0x000000000010f9dc                utf8_to_utf16
 .text.__aeabi_read_tp
                0x000000000010fa98        0xc /opt/devkitpro/libctru/lib/libctru.a(readtp.o)
                0x000000000010fa98                __aeabi_read_tp
 .text.decode_utf16
                0x000000000010faa4       0x60 /opt/devkitpro/libctru/lib/libctru.a(decode_utf16.o)
                0x000000000010faa4                decode_utf16
 .text.encode_utf16
                0x000000000010fb04       0x68 /opt/devkitpro/libctru/lib/libctru.a(encode_utf16.o)
                0x000000000010fb04                encode_utf16
 .text.encode_utf8
                0x000000000010fb6c      0x104 /opt/devkitpro/libctru/lib/libctru.a(encode_utf8.o)
                0x000000000010fb6c                encode_utf8
 .text.cosf     0x000000000010fc70       0xc4 /opt/devkitpro/devkitARM/lib/gcc/arm-none-eabi/5.3.0/../../../../arm-none-eabi/lib/armv6k/fpu/libm.a(lib_a-sf_cos.o)
                0x000000000010fc70                cosf
 .text.sinf     0x000000000010fd34       0xcc /opt/devkitpro/devkitARM/lib/gcc/arm-none-eabi/5.3.0/../../../../arm-none-eabi/lib/armv6k/fpu/libm.a(lib_a-sf_sin.o)
                0x000000000010fd34                sinf
 .text.sqrt     0x000000000010fe00      0x110 /opt/devkitpro/devkitARM/lib/gcc/arm-none-eabi/5.3.0/../../../../arm-none-eabi/lib/armv6k/fpu/libm.a(lib_a-w_sqrt.o)
                0x000000000010fe00                sqrt
 .text.__ieee754_rem_pio2f
                0x000000000010ff10      0x2e0 /opt/devkitpro/devkitARM/lib/gcc/arm-none-eabi/5.3.0/../../../../arm-none-eabi/lib/armv6k/fpu/libm.a(lib_a-ef_rem_pio2.o)
                0x000000000010ff10                __ieee754_rem_pio2f
 .text.__ieee754_sqrt
                0x00000000001101f0      0x214 /opt/devkitpro/devkitARM/lib/gcc/arm-none-eabi/5.3.0/../../../../arm-none-eabi/lib/armv6k/fpu/libm.a(lib_a-e_sqrt.o)
                0x00000000001101f0                __ieee754_sqrt
 .text.__kernel_cosf
                0x0000000000110404      0x124 /opt/devkitpro/devkitARM/lib/gcc/arm-none-eabi/5.3.0/../../../../arm-none-eabi/lib/armv6k/fpu/libm.a(lib_a-kf_cos.o)
                0x0000000000110404                __kernel_cosf
 .text.__kernel_rem_pio2f
                0x0000000000110528      0x828 /opt/devkitpro/devkitARM/lib/gcc/arm-none-eabi/5.3.0/../../../../arm-none-eabi/lib/armv6k/fpu/libm.a(lib_a-kf_rem_pio2.o)
                0x0000000000110528                __kernel_rem_pio2f
 .text.__kernel_sinf
                0x0000000000110d50       0xa0 /opt/devkitpro/devkitARM/lib/gcc/arm-none-eabi/5.3.0/../../../../arm-none-eabi/lib/armv6k/fpu/libm.a(lib_a-kf_sin.o)
                0x0000000000110d50                __kernel_sinf
 .text.fabsf    0x0000000000110df0       0x10 /opt/devkitpro/devkitARM/lib/gcc/arm-none-eabi/5.3.0/../../../../arm-none-eabi/lib/armv6k/fpu/libm.a(lib_a-sf_fabs.o)
                0x0000000000110df0                fabsf
 .text.floorf   0x0000000000110e00       0xb8 /opt/devkitpro/devkitARM/lib/gcc/arm-none-eabi/5.3.0/../../../../arm-none-eabi/lib/armv6k/fpu/libm.a(lib_a-sf_floor.o)
                0x0000000000110e00                floorf
 .text.__fpclassifyd
                0x0000000000110eb8       0x74 /opt/devkitpro/devkitARM/lib/gcc/arm-none-eabi/5.3.0/../../../../arm-none-eabi/lib/armv6k/fpu/libm.a(lib_a-s_fpclassify.o)
                0x0000000000110eb8                __fpclassifyd
 .text.scalbnf  0x0000000000110f2c      0x118 /opt/devkitpro/devkitARM/lib/gcc/arm-none-eabi/5.3.0/../../../../arm-none-eabi/lib/armv6k/fpu/libm.a(lib_a-sf_scalbn.o)
                0x0000000000110f2c                scalbnf
 .text.matherr  0x0000000000111044        0x8 /opt/devkitpro/devkitARM/lib/gcc/arm-none-eabi/5.3.0/../../../../arm-none-eabi/lib/armv6k/fpu/libm.a(lib_a-s_matherr.o)
                0x0000000000111044                matherr
 .text.copysignf
                0x000000000011104c       0x1c /opt/devkitpro/devkitARM/lib/gcc/arm-none-eabi/5.3.0/../../../../arm-none-eabi/lib/armv6k/fpu/libm.a(lib_a-sf_copysign.o)
                0x000000000011104c                copysignf
 .text.bsearch  0x0000000000111068       0x78 /opt/devkitpro/devkitARM/lib/gcc/arm-none-eabi/5.3.0/../../../../arm-none-eabi/lib/armv6k/fpu/libg.a(lib_a-bsearch.o)
                0x0000000000111068                bsearch
 .text.__errno  0x00000000001110e0        0xc /opt/devkitpro/devkitARM/lib/gcc/arm-none-eabi/5.3.0/../../../../arm-none-eabi/lib/armv6k/fpu/libg.a(lib_a-errno.o)
                0x00000000001110e0                __errno
 .text.__libc_fini_array
                0x00000000001110ec       0x3c /opt/devkitpro/devkitARM/lib/gcc/arm-none-eabi/5.3.0/../../../../arm-none-eabi/lib/armv6k/fpu/libg.a(lib_a-fini.o)
                0x00000000001110ec                __libc_fini_array
 .text.__libc_init_array
                0x0000000000111128       0x78 /opt/devkitpro/devkitARM/lib/gcc/arm-none-eabi/5.3.0/../../../../arm-none-eabi/lib/armv6k/fpu/libg.a(lib_a-init.o)
                0x0000000000111128                __libc_init_array
 .text.memalign
                0x00000000001111a0       0x20 /opt/devkitpro/devkitARM/lib/gcc/arm-none-eabi/5.3.0/../../../../arm-none-eabi/lib/armv6k/fpu/libg.a(lib_a-malign.o)
                0x00000000001111a0                memalign
 .text._memalign_r
                0x00000000001111c0      0x15c /opt/devkitpro/devkitARM/lib/gcc/arm-none-eabi/5.3.0/../../../../arm-none-eabi/lib/armv6k/fpu/libg.a(lib_a-malignr.o)
                0x00000000001111c0                _memalign_r
 .text.malloc   0x000000000011131c       0x18 /opt/devkitpro/devkitARM/lib/gcc/arm-none-eabi/5.3.0/../../../../arm-none-eabi/lib/armv6k/fpu/libg.a(lib_a-malloc.o)
                0x000000000011131c                malloc
 .text.free     0x0000000000111334       0x18 /opt/devkitpro/devkitARM/lib/gcc/arm-none-eabi/5.3.0/../../../../arm-none-eabi/lib/armv6k/fpu/libg.a(lib_a-malloc.o)
                0x0000000000111334                free
 .text._malloc_r
                0x000000000011134c      0x7a8 /opt/devkitpro/devkitARM/lib/gcc/arm-none-eabi/5.3.0/../../../../arm-none-eabi/lib/armv6k/fpu/libg.a(lib_a-mallocr.o)
                0x000000000011134c                _malloc_r
 .text.memcpy   0x0000000000111af4       0xf0 /opt/devkitpro/devkitARM/lib/gcc/arm-none-eabi/5.3.0/../../../../arm-none-eabi/lib/armv6k/fpu/libg.a(lib_a-memcpy.o)
                0x0000000000111af4                memcpy
 .text.memset   0x0000000000111be4       0xf4 /opt/devkitpro/devkitARM/lib/gcc/arm-none-eabi/5.3.0/../../../../arm-none-eabi/lib/armv6k/fpu/libg.a(lib_a-memset.o)
                0x0000000000111be4                memset
 .text.__malloc_lock
                0x0000000000111cd8        0xc /opt/devkitpro/devkitARM/lib/gcc/arm-none-eabi/5.3.0/../../../../arm-none-eabi/lib/armv6k/fpu/libg.a(lib_a-mlock.o)
                0x0000000000111cd8                __malloc_lock
 .text.__malloc_unlock
                0x0000000000111ce4        0xc /opt/devkitpro/devkitARM/lib/gcc/arm-none-eabi/5.3.0/../../../../arm-none-eabi/lib/armv6k/fpu/libg.a(lib_a-mlock.o)
                0x0000000000111ce4                __malloc_unlock
 .text.printf   0x0000000000111cf0       0x38 /opt/devkitpro/devkitARM/lib/gcc/arm-none-eabi/5.3.0/../../../../arm-none-eabi/lib/armv6k/fpu/libg.a(lib_a-printf.o)
                0x0000000000111cf0                printf
 .text.srand    0x0000000000111d28       0x1c /opt/devkitpro/devkitARM/lib/gcc/arm-none-eabi/5.3.0/../../../../arm-none-eabi/lib/armv6k/fpu/libg.a(lib_a-rand.o)
                0x0000000000111d28                srand
 .text.setvbuf  0x0000000000111d44      0x1fc /opt/devkitpro/devkitARM/lib/gcc/arm-none-eabi/5.3.0/../../../../arm-none-eabi/lib/armv6k/fpu/libg.a(lib_a-setvbuf.o)
                0x0000000000111d44                setvbuf
 .text.sscanf   0x0000000000111f40       0x74 /opt/devkitpro/devkitARM/lib/gcc/arm-none-eabi/5.3.0/../../../../arm-none-eabi/lib/armv6k/fpu/libg.a(lib_a-sscanf.o)
                0x0000000000111f40                sscanf
 .text.__sread  0x0000000000111fb4       0x30 /opt/devkitpro/devkitARM/lib/gcc/arm-none-eabi/5.3.0/../../../../arm-none-eabi/lib/armv6k/fpu/libg.a(lib_a-stdio.o)
                0x0000000000111fb4                __sread
 .text.__seofread
                0x0000000000111fe4        0x8 /opt/devkitpro/devkitARM/lib/gcc/arm-none-eabi/5.3.0/../../../../arm-none-eabi/lib/armv6k/fpu/libg.a(lib_a-stdio.o)
                0x0000000000111fe4                __seofread
 .text.__swrite
                0x0000000000111fec       0x54 /opt/devkitpro/devkitARM/lib/gcc/arm-none-eabi/5.3.0/../../../../arm-none-eabi/lib/armv6k/fpu/libg.a(lib_a-stdio.o)
                0x0000000000111fec                __swrite
 .text.__sseek  0x0000000000112040       0x2c /opt/devkitpro/devkitARM/lib/gcc/arm-none-eabi/5.3.0/../../../../arm-none-eabi/lib/armv6k/fpu/libg.a(lib_a-stdio.o)
                0x0000000000112040                __sseek
 .text.__sclose
                0x000000000011206c        0x8 /opt/devkitpro/devkitARM/lib/gcc/arm-none-eabi/5.3.0/../../../../arm-none-eabi/lib/armv6k/fpu/libg.a(lib_a-stdio.o)
                0x000000000011206c                __sclose
 .text.strchr   0x0000000000112074      0x15c /opt/devkitpro/devkitARM/lib/gcc/arm-none-eabi/5.3.0/../../../../arm-none-eabi/lib/armv6k/fpu/libg.a(lib_a-strchr.o)
                0x0000000000112074                strchr
 .text.strlen   0x00000000001121d0       0x5c /opt/devkitpro/devkitARM/lib/gcc/arm-none-eabi/5.3.0/../../../../arm-none-eabi/lib/armv6k/fpu/libg.a(lib_a-strlen.o)
                0x00000000001121d0                strlen
 .text.strncat  0x000000000011222c       0xa4 /opt/devkitpro/devkitARM/lib/gcc/arm-none-eabi/5.3.0/../../../../arm-none-eabi/lib/armv6k/fpu/libg.a(lib_a-strncat.o)
                0x000000000011222c                strncat
 .text.strncpy  0x00000000001122d0       0xe0 /opt/devkitpro/devkitARM/lib/gcc/arm-none-eabi/5.3.0/../../../../arm-none-eabi/lib/armv6k/fpu/libg.a(lib_a-strncpy.o)
                0x00000000001122d0                strncpy
 .text.__ssvfscanf_r
                0x00000000001123b0     0x2c20 /opt/devkitpro/devkitARM/lib/gcc/arm-none-eabi/5.3.0/../../../../arm-none-eabi/lib/armv6k/fpu/libg.a(lib_a-svfscanf.o)
                0x00000000001123b0                __ssvfscanf_r
 .text.time     0x0000000000114fd0       0x40 /opt/devkitpro/devkitARM/lib/gcc/arm-none-eabi/5.3.0/../../../../arm-none-eabi/lib/armv6k/fpu/libg.a(lib_a-time.o)
                0x0000000000114fd0                time
 .text.__sprint_r.part.0
                0x0000000000115010       0xa4 /opt/devkitpro/devkitARM/lib/gcc/arm-none-eabi/5.3.0/../../../../arm-none-eabi/lib/armv6k/fpu/libg.a(lib_a-vfiprintf.o)
 .text.__sprint_r
                0x00000000001150b4       0x1c /opt/devkitpro/devkitARM/lib/gcc/arm-none-eabi/5.3.0/../../../../arm-none-eabi/lib/armv6k/fpu/libg.a(lib_a-vfiprintf.o)
                0x00000000001150b4                __sprint_r
 .text.get_arg  0x00000000001150d0     0x161c /opt/devkitpro/devkitARM/lib/gcc/arm-none-eabi/5.3.0/../../../../arm-none-eabi/lib/armv6k/fpu/libg.a(lib_a-vfprintf.o)
 *fill*         0x00000000001166ec        0x4 
 .text._vfprintf_r
                0x00000000001166f0     0x4878 /opt/devkitpro/devkitARM/lib/gcc/arm-none-eabi/5.3.0/../../../../arm-none-eabi/lib/armv6k/fpu/libg.a(lib_a-vfprintf.o)
                0x00000000001166f0                _vfprintf_r
 .text.__sbprintf
                0x000000000011af68       0xcc /opt/devkitpro/devkitARM/lib/gcc/arm-none-eabi/5.3.0/../../../../arm-none-eabi/lib/armv6k/fpu/libg.a(lib_a-vfprintf.o)
 .text._wcrtomb_r
                0x000000000011b034       0x8c /opt/devkitpro/devkitARM/lib/gcc/arm-none-eabi/5.3.0/../../../../arm-none-eabi/lib/armv6k/fpu/libg.a(lib_a-wcrtomb.o)
                0x000000000011b034                _wcrtomb_r
 .text._wcsrtombs_r
                0x000000000011b0c0       0x20 /opt/devkitpro/devkitARM/lib/gcc/arm-none-eabi/5.3.0/../../../../arm-none-eabi/lib/armv6k/fpu/libg.a(lib_a-wcsrtombs.o)
                0x000000000011b0c0                _wcsrtombs_r
 .text.__utf8_wctomb
                0x000000000011b0e0      0x114 /opt/devkitpro/devkitARM/lib/gcc/arm-none-eabi/5.3.0/../../../../arm-none-eabi/lib/armv6k/fpu/libg.a(lib_a-wctomb_r.o)
                0x000000000011b0e0                __utf8_wctomb
 .text.__swsetup_r
                0x000000000011b1f4      0x148 /opt/devkitpro/devkitARM/lib/gcc/arm-none-eabi/5.3.0/../../../../arm-none-eabi/lib/armv6k/fpu/libg.a(lib_a-wsetup.o)
                0x000000000011b1f4                __swsetup_r
 .text.quorem   0x000000000011b33c      0x1bc /opt/devkitpro/devkitARM/lib/gcc/arm-none-eabi/5.3.0/../../../../arm-none-eabi/lib/armv6k/fpu/libg.a(lib_a-dtoa.o)
 .text._dtoa_r  0x000000000011b4f8     0x12c8 /opt/devkitpro/devkitARM/lib/gcc/arm-none-eabi/5.3.0/../../../../arm-none-eabi/lib/armv6k/fpu/libg.a(lib_a-dtoa.o)
                0x000000000011b4f8                _dtoa_r
 .text.__sflush_r
                0x000000000011c7c0      0x230 /opt/devkitpro/devkitARM/lib/gcc/arm-none-eabi/5.3.0/../../../../arm-none-eabi/lib/armv6k/fpu/libg.a(lib_a-fflush.o)
                0x000000000011c7c0                __sflush_r
 .text._fflush_r
                0x000000000011c9f0       0x90 /opt/devkitpro/devkitARM/lib/gcc/arm-none-eabi/5.3.0/../../../../arm-none-eabi/lib/armv6k/fpu/libg.a(lib_a-fflush.o)
                0x000000000011c9f0                _fflush_r
 .text._cleanup_r
                0x000000000011ca80        0xc /opt/devkitpro/devkitARM/lib/gcc/arm-none-eabi/5.3.0/../../../../arm-none-eabi/lib/armv6k/fpu/libg.a(lib_a-findfp.o)
                0x000000000011ca80                _cleanup_r
 .text.std.isra.0
                0x000000000011ca8c       0x80 /opt/devkitpro/devkitARM/lib/gcc/arm-none-eabi/5.3.0/../../../../arm-none-eabi/lib/armv6k/fpu/libg.a(lib_a-findfp.o)
 .text.__sinit  0x000000000011cb0c       0x8c /opt/devkitpro/devkitARM/lib/gcc/arm-none-eabi/5.3.0/../../../../arm-none-eabi/lib/armv6k/fpu/libg.a(lib_a-findfp.o)
                0x000000000011cb0c                __sinit
 .text.__sfp_lock_acquire
                0x000000000011cb98        0xc /opt/devkitpro/devkitARM/lib/gcc/arm-none-eabi/5.3.0/../../../../arm-none-eabi/lib/armv6k/fpu/libg.a(lib_a-findfp.o)
                0x000000000011cb98                __sfp_lock_acquire
 .text.__sfp_lock_release
                0x000000000011cba4        0xc /opt/devkitpro/devkitARM/lib/gcc/arm-none-eabi/5.3.0/../../../../arm-none-eabi/lib/armv6k/fpu/libg.a(lib_a-findfp.o)
                0x000000000011cba4                __sfp_lock_release
 .text.__fputwc
                0x000000000011cbb0      0x124 /opt/devkitpro/devkitARM/lib/gcc/arm-none-eabi/5.3.0/../../../../arm-none-eabi/lib/armv6k/fpu/libg.a(lib_a-fputwc.o)
                0x000000000011cbb0                __fputwc
 .text._fputwc_r
                0x000000000011ccd4       0xa8 /opt/devkitpro/devkitARM/lib/gcc/arm-none-eabi/5.3.0/../../../../arm-none-eabi/lib/armv6k/fpu/libg.a(lib_a-fputwc.o)
                0x000000000011ccd4                _fputwc_r
 .text._malloc_trim_r
                0x000000000011cd7c       0xf8 /opt/devkitpro/devkitARM/lib/gcc/arm-none-eabi/5.3.0/../../../../arm-none-eabi/lib/armv6k/fpu/libg.a(lib_a-freer.o)
                0x000000000011cd7c                _malloc_trim_r
 .text._free_r  0x000000000011ce74      0x2e4 /opt/devkitpro/devkitARM/lib/gcc/arm-none-eabi/5.3.0/../../../../arm-none-eabi/lib/armv6k/fpu/libg.a(lib_a-freer.o)
                0x000000000011ce74                _free_r
 .text.__sfvwrite_r
                0x000000000011d158      0x4a4 /opt/devkitpro/devkitARM/lib/gcc/arm-none-eabi/5.3.0/../../../../arm-none-eabi/lib/armv6k/fpu/libg.a(lib_a-fvwrite.o)
                0x000000000011d158                __sfvwrite_r
 .text._fwalk_reent
                0x000000000011d5fc       0x80 /opt/devkitpro/devkitARM/lib/gcc/arm-none-eabi/5.3.0/../../../../arm-none-eabi/lib/armv6k/fpu/libg.a(lib_a-fwalk.o)
                0x000000000011d5fc                _fwalk_reent
 .text.iswspace
                0x000000000011d67c       0x74 /opt/devkitpro/devkitARM/lib/gcc/arm-none-eabi/5.3.0/../../../../arm-none-eabi/lib/armv6k/fpu/libg.a(lib_a-iswspace.o)
                0x000000000011d67c                iswspace
 .text.__jp2uc  0x000000000011d6f0      0x204 /opt/devkitpro/devkitARM/lib/gcc/arm-none-eabi/5.3.0/../../../../arm-none-eabi/lib/armv6k/fpu/libg.a(lib_a-jp2uc.o)
 .text._jp2uc   0x000000000011d8f4       0x84 /opt/devkitpro/devkitARM/lib/gcc/arm-none-eabi/5.3.0/../../../../arm-none-eabi/lib/armv6k/fpu/libg.a(lib_a-jp2uc.o)
                0x000000000011d8f4                _jp2uc
 .text.__locale_charset
                0x000000000011d978        0xc /opt/devkitpro/devkitARM/lib/gcc/arm-none-eabi/5.3.0/../../../../arm-none-eabi/lib/armv6k/fpu/libg.a(lib_a-locale.o)
                0x000000000011d978                __locale_charset
 .text.__locale_mb_cur_max
                0x000000000011d984       0x10 /opt/devkitpro/devkitARM/lib/gcc/arm-none-eabi/5.3.0/../../../../arm-none-eabi/lib/armv6k/fpu/libg.a(lib_a-locale.o)
                0x000000000011d984                __locale_mb_cur_max
 .text._localeconv_r
                0x000000000011d994        0xc /opt/devkitpro/devkitARM/lib/gcc/arm-none-eabi/5.3.0/../../../../arm-none-eabi/lib/armv6k/fpu/libg.a(lib_a-locale.o)
                0x000000000011d994                _localeconv_r
 .text.__smakebuf_r
                0x000000000011d9a0      0x160 /opt/devkitpro/devkitARM/lib/gcc/arm-none-eabi/5.3.0/../../../../arm-none-eabi/lib/armv6k/fpu/libg.a(lib_a-makebuf.o)
                0x000000000011d9a0                __smakebuf_r
 .text._mbrtowc_r
                0x000000000011db00       0x98 /opt/devkitpro/devkitARM/lib/gcc/arm-none-eabi/5.3.0/../../../../arm-none-eabi/lib/armv6k/fpu/libg.a(lib_a-mbrtowc.o)
                0x000000000011db00                _mbrtowc_r
 .text.__utf8_mbtowc
                0x000000000011db98      0x2fc /opt/devkitpro/devkitARM/lib/gcc/arm-none-eabi/5.3.0/../../../../arm-none-eabi/lib/armv6k/fpu/libg.a(lib_a-mbtowc_r.o)
                0x000000000011db98                __utf8_mbtowc
 .text.memchr   0x000000000011de94      0x100 /opt/devkitpro/devkitARM/lib/gcc/arm-none-eabi/5.3.0/../../../../arm-none-eabi/lib/armv6k/fpu/libg.a(lib_a-memchr.o)
                0x000000000011de94                memchr
 .text.memmove  0x000000000011df94      0x128 /opt/devkitpro/devkitARM/lib/gcc/arm-none-eabi/5.3.0/../../../../arm-none-eabi/lib/armv6k/fpu/libg.a(lib_a-memmove.o)
                0x000000000011df94                memmove
 .text._Balloc  0x000000000011e0bc       0x8c /opt/devkitpro/devkitARM/lib/gcc/arm-none-eabi/5.3.0/../../../../arm-none-eabi/lib/armv6k/fpu/libg.a(lib_a-mprec.o)
                0x000000000011e0bc                _Balloc
 .text._Bfree   0x000000000011e148       0x1c /opt/devkitpro/devkitARM/lib/gcc/arm-none-eabi/5.3.0/../../../../arm-none-eabi/lib/armv6k/fpu/libg.a(lib_a-mprec.o)
                0x000000000011e148                _Bfree
 .text.__multadd
                0x000000000011e164       0xd0 /opt/devkitpro/devkitARM/lib/gcc/arm-none-eabi/5.3.0/../../../../arm-none-eabi/lib/armv6k/fpu/libg.a(lib_a-mprec.o)
                0x000000000011e164                __multadd
 .text.__s2b    0x000000000011e234       0xe4 /opt/devkitpro/devkitARM/lib/gcc/arm-none-eabi/5.3.0/../../../../arm-none-eabi/lib/armv6k/fpu/libg.a(lib_a-mprec.o)
                0x000000000011e234                __s2b
 .text.__hi0bits
                0x000000000011e318       0x5c /opt/devkitpro/devkitARM/lib/gcc/arm-none-eabi/5.3.0/../../../../arm-none-eabi/lib/armv6k/fpu/libg.a(lib_a-mprec.o)
                0x000000000011e318                __hi0bits
 .text.__lo0bits
                0x000000000011e374       0x98 /opt/devkitpro/devkitARM/lib/gcc/arm-none-eabi/5.3.0/../../../../arm-none-eabi/lib/armv6k/fpu/libg.a(lib_a-mprec.o)
                0x000000000011e374                __lo0bits
 .text.__i2b    0x000000000011e40c       0x20 /opt/devkitpro/devkitARM/lib/gcc/arm-none-eabi/5.3.0/../../../../arm-none-eabi/lib/armv6k/fpu/libg.a(lib_a-mprec.o)
                0x000000000011e40c                __i2b
 .text.__multiply
                0x000000000011e42c      0x1dc /opt/devkitpro/devkitARM/lib/gcc/arm-none-eabi/5.3.0/../../../../arm-none-eabi/lib/armv6k/fpu/libg.a(lib_a-mprec.o)
                0x000000000011e42c                __multiply
 .text.__pow5mult
                0x000000000011e608      0x100 /opt/devkitpro/devkitARM/lib/gcc/arm-none-eabi/5.3.0/../../../../arm-none-eabi/lib/armv6k/fpu/libg.a(lib_a-mprec.o)
                0x000000000011e608                __pow5mult
 .text.__lshift
                0x000000000011e708       0xf0 /opt/devkitpro/devkitARM/lib/gcc/arm-none-eabi/5.3.0/../../../../arm-none-eabi/lib/armv6k/fpu/libg.a(lib_a-mprec.o)
                0x000000000011e708                __lshift
 .text.__mcmp   0x000000000011e7f8       0x64 /opt/devkitpro/devkitARM/lib/gcc/arm-none-eabi/5.3.0/../../../../arm-none-eabi/lib/armv6k/fpu/libg.a(lib_a-mprec.o)
                0x000000000011e7f8                __mcmp
 .text.__mdiff  0x000000000011e85c      0x198 /opt/devkitpro/devkitARM/lib/gcc/arm-none-eabi/5.3.0/../../../../arm-none-eabi/lib/armv6k/fpu/libg.a(lib_a-mprec.o)
                0x000000000011e85c                __mdiff
 .text.__ulp    0x000000000011e9f4       0x78 /opt/devkitpro/devkitARM/lib/gcc/arm-none-eabi/5.3.0/../../../../arm-none-eabi/lib/armv6k/fpu/libg.a(lib_a-mprec.o)
                0x000000000011e9f4                __ulp
 .text.__b2d    0x000000000011ea6c       0xd4 /opt/devkitpro/devkitARM/lib/gcc/arm-none-eabi/5.3.0/../../../../arm-none-eabi/lib/armv6k/fpu/libg.a(lib_a-mprec.o)
                0x000000000011ea6c                __b2d
 .text.__d2b    0x000000000011eb40      0x104 /opt/devkitpro/devkitARM/lib/gcc/arm-none-eabi/5.3.0/../../../../arm-none-eabi/lib/armv6k/fpu/libg.a(lib_a-mprec.o)
                0x000000000011eb40                __d2b
 .text.__ratio  0x000000000011ec44       0x78 /opt/devkitpro/devkitARM/lib/gcc/arm-none-eabi/5.3.0/../../../../arm-none-eabi/lib/armv6k/fpu/libg.a(lib_a-mprec.o)
                0x000000000011ec44                __ratio
 .text.__copybits
                0x000000000011ecbc       0x6c /opt/devkitpro/devkitARM/lib/gcc/arm-none-eabi/5.3.0/../../../../arm-none-eabi/lib/armv6k/fpu/libg.a(lib_a-mprec.o)
                0x000000000011ecbc                __copybits
 .text.__any_on
                0x000000000011ed28       0x80 /opt/devkitpro/devkitARM/lib/gcc/arm-none-eabi/5.3.0/../../../../arm-none-eabi/lib/armv6k/fpu/libg.a(lib_a-mprec.o)
                0x000000000011ed28                __any_on
 .text._realloc_r
                0x000000000011eda8      0x4c0 /opt/devkitpro/devkitARM/lib/gcc/arm-none-eabi/5.3.0/../../../../arm-none-eabi/lib/armv6k/fpu/libg.a(lib_a-reallocr.o)
                0x000000000011eda8                _realloc_r
 .text.__sccl   0x000000000011f268       0xd0 /opt/devkitpro/devkitARM/lib/gcc/arm-none-eabi/5.3.0/../../../../arm-none-eabi/lib/armv6k/fpu/libg.a(lib_a-sccl.o)
                0x000000000011f268                __sccl
 .text.nanf     0x000000000011f338        0xc /opt/devkitpro/devkitARM/lib/gcc/arm-none-eabi/5.3.0/../../../../arm-none-eabi/lib/armv6k/fpu/libg.a(lib_a-sf_nan.o)
                0x000000000011f338                nanf
 *fill*         0x000000000011f344        0x4 
 .text.frexp    0x000000000011f348       0x98 /opt/devkitpro/devkitARM/lib/gcc/arm-none-eabi/5.3.0/../../../../arm-none-eabi/lib/armv6k/fpu/libg.a(lib_a-s_frexp.o)
                0x000000000011f348                frexp
 .text.sprintf  0x000000000011f3e0       0x68 /opt/devkitpro/devkitARM/lib/gcc/arm-none-eabi/5.3.0/../../../../arm-none-eabi/lib/armv6k/fpu/libg.a(lib_a-sprintf.o)
                0x000000000011f3e0                sprintf
 .text.stpncpy  0x000000000011f448      0x108 /opt/devkitpro/devkitARM/lib/gcc/arm-none-eabi/5.3.0/../../../../arm-none-eabi/lib/armv6k/fpu/libg.a(lib_a-stpncpy.o)
                0x000000000011f448                stpncpy
 .text.strncmp  0x000000000011f550      0x11c /opt/devkitpro/devkitARM/lib/gcc/arm-none-eabi/5.3.0/../../../../arm-none-eabi/lib/armv6k/fpu/libg.a(lib_a-strncmp.o)
                0x000000000011f550                strncmp
 .text.unlikely.sulp
                0x000000000011f66c       0x58 /opt/devkitpro/devkitARM/lib/gcc/arm-none-eabi/5.3.0/../../../../arm-none-eabi/lib/armv6k/fpu/libg.a(lib_a-strtod.o)
 *fill*         0x000000000011f6c4        0x4 
 .text._strtod_r
                0x000000000011f6c8     0x1450 /opt/devkitpro/devkitARM/lib/gcc/arm-none-eabi/5.3.0/../../../../arm-none-eabi/lib/armv6k/fpu/libg.a(lib_a-strtod.o)
                0x000000000011f6c8                _strtod_r
 .text._strtoll_r
                0x0000000000120b18      0x25c /opt/devkitpro/devkitARM/lib/gcc/arm-none-eabi/5.3.0/../../../../arm-none-eabi/lib/armv6k/fpu/libg.a(lib_a-strtoll_r.o)
                0x0000000000120b18                _strtoll_r
 .text._strtol_r
                0x0000000000120d74      0x1d4 /opt/devkitpro/devkitARM/lib/gcc/arm-none-eabi/5.3.0/../../../../arm-none-eabi/lib/armv6k/fpu/libg.a(lib_a-strtol.o)
                0x0000000000120d74                _strtol_r
 .text._strtoull_r
                0x0000000000120f48      0x268 /opt/devkitpro/devkitARM/lib/gcc/arm-none-eabi/5.3.0/../../../../arm-none-eabi/lib/armv6k/fpu/libg.a(lib_a-strtoull_r.o)
                0x0000000000120f48                _strtoull_r
 .text._strtoul_r
                0x00000000001211b0      0x1d4 /opt/devkitpro/devkitARM/lib/gcc/arm-none-eabi/5.3.0/../../../../arm-none-eabi/lib/armv6k/fpu/libg.a(lib_a-strtoul.o)
                0x00000000001211b0                _strtoul_r
 .text.__ssprint_r
                0x0000000000121384      0x1a8 /opt/devkitpro/devkitARM/lib/gcc/arm-none-eabi/5.3.0/../../../../arm-none-eabi/lib/armv6k/fpu/libg.a(lib_a-svfiprintf.o)
                0x0000000000121384                __ssprint_r
 .text._sungetc_r
                0x000000000012152c       0xf8 /opt/devkitpro/devkitARM/lib/gcc/arm-none-eabi/5.3.0/../../../../arm-none-eabi/lib/armv6k/fpu/libg.a(lib_a-svfiscanf.o)
                0x000000000012152c                _sungetc_r
 .text.__ssrefill_r
                0x0000000000121624       0x6c /opt/devkitpro/devkitARM/lib/gcc/arm-none-eabi/5.3.0/../../../../arm-none-eabi/lib/armv6k/fpu/libg.a(lib_a-svfiscanf.o)
                0x0000000000121624                __ssrefill_r
 .text._sfread_r
                0x0000000000121690       0xc8 /opt/devkitpro/devkitARM/lib/gcc/arm-none-eabi/5.3.0/../../../../arm-none-eabi/lib/armv6k/fpu/libg.a(lib_a-svfiscanf.o)
                0x0000000000121690                _sfread_r
 .text.get_arg  0x0000000000121758     0x161c /opt/devkitpro/devkitARM/lib/gcc/arm-none-eabi/5.3.0/../../../../arm-none-eabi/lib/armv6k/fpu/libg.a(lib_a-svfprintf.o)
 *fill*         0x0000000000122d74        0x4 
 .text._svfprintf_r
                0x0000000000122d78     0x4a00 /opt/devkitpro/devkitARM/lib/gcc/arm-none-eabi/5.3.0/../../../../arm-none-eabi/lib/armv6k/fpu/libg.a(lib_a-svfprintf.o)
                0x0000000000122d78                _svfprintf_r
 .text.__submore
                0x0000000000127778       0xa8 /opt/devkitpro/devkitARM/lib/gcc/arm-none-eabi/5.3.0/../../../../arm-none-eabi/lib/armv6k/fpu/libg.a(lib_a-ungetc.o)
                0x0000000000127778                __submore
 .text.__swbuf_r
                0x0000000000127820      0x124 /opt/devkitpro/devkitARM/lib/gcc/arm-none-eabi/5.3.0/../../../../arm-none-eabi/lib/armv6k/fpu/libg.a(lib_a-wbuf.o)
                0x0000000000127820                __swbuf_r
 .text._wcsnrtombs_r
                0x0000000000127944      0x190 /opt/devkitpro/devkitARM/lib/gcc/arm-none-eabi/5.3.0/../../../../arm-none-eabi/lib/armv6k/fpu/libg.a(lib_a-wcsnrtombs.o)
                0x0000000000127944                _wcsnrtombs_r
 .text._calloc_r
                0x0000000000127ad4       0x90 /opt/devkitpro/devkitARM/lib/gcc/arm-none-eabi/5.3.0/../../../../arm-none-eabi/lib/armv6k/fpu/libg.a(lib_a-callocr.o)
                0x0000000000127ad4                _calloc_r
 .text._fclose_r
                0x0000000000127b64      0x120 /opt/devkitpro/devkitARM/lib/gcc/arm-none-eabi/5.3.0/../../../../arm-none-eabi/lib/armv6k/fpu/libg.a(lib_a-fclose.o)
                0x0000000000127b64                _fclose_r
 .text.rshift   0x0000000000127c84       0xec /opt/devkitpro/devkitARM/lib/gcc/arm-none-eabi/5.3.0/../../../../arm-none-eabi/lib/armv6k/fpu/libg.a(lib_a-gdtoa-gethex.o)
 .text.__gethex
                0x0000000000127d70      0x7d0 /opt/devkitpro/devkitARM/lib/gcc/arm-none-eabi/5.3.0/../../../../arm-none-eabi/lib/armv6k/fpu/libg.a(lib_a-gdtoa-gethex.o)
                0x0000000000127d70                __gethex
 .text.__hexnan
                0x0000000000128540      0x258 /opt/devkitpro/devkitARM/lib/gcc/arm-none-eabi/5.3.0/../../../../arm-none-eabi/lib/armv6k/fpu/libg.a(lib_a-gdtoa-hexnan.o)
                0x0000000000128540                __hexnan
 .text.strnlen  0x0000000000128798       0x5c /opt/devkitpro/devkitARM/lib/gcc/arm-none-eabi/5.3.0/../../../../arm-none-eabi/lib/armv6k/fpu/libg.a(lib_a-strnlen.o)
                0x0000000000128798                strnlen
 .text.strrchr  0x00000000001287f4       0x44 /opt/devkitpro/devkitARM/lib/gcc/arm-none-eabi/5.3.0/../../../../arm-none-eabi/lib/armv6k/fpu/libg.a(lib_a-strrchr.o)
                0x00000000001287f4                strrchr
 *(.glue_7)
 .glue_7        0x0000000000128838        0x0 linker stubs
 *(.glue_7t)
 .glue_7t       0x0000000000128838        0x0 linker stubs
 *(.stub)
 *(.gnu.warning)
 *(.gnu.linkonce.t*)
                0x0000000000128838                . = ALIGN (0x4)
 *(.fini)
 .fini          0x0000000000128838        0xc /opt/devkitpro/devkitARM/lib/gcc/arm-none-eabi/5.3.0/armv6k/fpu/crti.o
                0x0000000000128838                _fini
 .fini          0x0000000000128844        0xc /opt/devkitpro/devkitARM/lib/gcc/arm-none-eabi/5.3.0/armv6k/fpu/crtn.o
                0x0000000000128850                . = ALIGN (0x4)

.vfp11_veneer   0x0000000000128850        0x0
 .vfp11_veneer  0x0000000000128850        0x0 linker stubs

.v4_bx          0x0000000000128850        0x0
 .v4_bx         0x0000000000128850        0x0 linker stubs

.iplt           0x0000000000128850        0x0
 .iplt          0x0000000000128850        0x0 /opt/devkitpro/devkitARM/lib/gcc/arm-none-eabi/5.3.0/../../../../arm-none-eabi/lib/armv6k/fpu/3dsx_crt0.o

.rodata         0x0000000000129000     0x4e90
 *(.rodata)
 .rodata        0x0000000000129000       0x30 /home/josh/homebrew/sf2dlib-master/PhysicsSandbox/../libsf2d/lib/libsf2d.a(sf2d_texture.o)
 .rodata        0x0000000000129030      0x104 /home/josh/homebrew/sf2dlib-master/PhysicsSandbox/../libsf2d/lib/libsf2d.a(shader.vsh.o)
                0x0000000000129030                shader_vsh_shbin
                0x0000000000129130                shader_vsh_shbin_end
                0x0000000000129130                shader_vsh_shbin_size
 .rodata        0x0000000000129134      0x168 /opt/devkitpro/libctru/lib/libctru.a(console.o)
 .rodata        0x000000000012929c       0x1c /opt/devkitpro/libctru/lib/libctru.a(gfx.o)
 .rodata        0x00000000001292b8        0xc /opt/devkitpro/libctru/lib/libctru.a(gpu-old.o)
                0x00000000001292b8                GPU_FORMATSIZE
                0x00000000001292bc                GPU_TEVID
 .rodata        0x00000000001292c4       0x24 /opt/devkitpro/libctru/lib/libctru.a(shbin.o)
 .rodata        0x00000000001292e8        0xc /opt/devkitpro/libctru/lib/libctru.a(apt.o)
 .rodata        0x00000000001292f4      0x804 /opt/devkitpro/libctru/lib/libctru.a(default_font.bin.o)
                0x00000000001292f4                default_font_bin
                0x0000000000129af4                default_font_bin_end
                0x0000000000129af4                default_font_bin_size
 .rodata        0x0000000000129af8       0x30 /opt/devkitpro/libctru/lib/libctru.a(sdmc_dev.o)
 .rodata        0x0000000000129b28       0x68 /opt/devkitpro/devkitARM/lib/gcc/arm-none-eabi/5.3.0/../../../../arm-none-eabi/lib/armv6k/fpu/libsysbase.a(iosupport.o)